border_size=1
usage=map

Xos         , Xos         , Xos         , Xos         , Xos         , Xos         , Xos         , Xos         , Xos         , Xos         , Xos         , Xos         , Xos         , Xos         , Xos         , Xos         , Xos         , Xos         , Xos         , Xos         , Xos         , Xos         , Xos         , Xos         , Xos         , Xos         , Xos         
Xos         , Xos         , Xos         , Xos         , Xos         , Xos         , Xos         , Xos         , Xos         , Xos         , Xos         , Xos         , Ai          , Ai          , Ai          , Ai          , Ai          , Xos         , Xos         , Xos         , Xos         , Xos         , Xos         , Xos         , Xos         , Xos         , Xos         
Xos         , Xos         , Xos         , Xos         , Xos         , Xos         , Xos         , Xos         , Xos         , Xos         , Xos         , Xos         , Ai          , Ai          , Ai          , Ai          , Ai          , Xos         , Xos         , Xos         , Xos         , Xos         , Xos         , Xos         , Xos         , Xos         , Xos         
Xos         , Xos         , Xos         , Xos         , Xos         , Xos         , Xos         , Xos         , Xos         , Xos         , Xos         , Xos         , Xos         , Ai          , Ai          , Ai          , Xos         , Xos         , Xos         , Xos         , Xos         , Xos         , Xos         , Xos         , Xos         , Xos         , Xos         
Xos         , Xos         , Xos         , Xos         , Xos         , Xos         , Xos         , Xos         , Xos         , Xos         , Xos         , Xos         , Xos         , Xos         , Aa          , Xos         , Xos         , Xos         , Xos         , Xos         , Xos         , Xos         , Xos         , Xos         , Xos         , Xos         , Xos         
Xos         , Xos         , Xos         , Xos         , Xos         , Xos         , Xos         , Xos         , Xos         , Xos         , Xos         , Xos         , Ql          , Ql          , Ql^Bs|      , Ql          , Ql          , Xos         , Xos         , Xos         , Xos         , Xos         , Xos         , Xos         , Xos         , Xos         , Xos         
Ql          , Ql          , Ql          , Ql          , Ql          , Ql          , Ql          , Ql          , Ql          , Ql          , Ql          , Ql          , Ql          , Ql          , 2 Kud       , Ql          , Ql          , Ql          , Ql          , Ql          , Ql          , Ql          , Ql          , Ql          , Ql          , Ql          , Ql          
Xos         , Ql          , Xos         , Ql          , Xos         , Ql          , Xos         , Ql          , Xos         , Ql          , Xos         , Ql          , Ur          , Cud         , Ur          , Cud         , Ur          , Ql          , Ur          , Ql          , Xos         , Ql          , Xos         , Ql          , Xos         , Ql          , Xos         
Xos         , Xos         , Xos         , Xos         , Xos         , Xos         , Xos         , Xos         , Xos         , Xos         , Uu          , Xos         , Xos         , Ur          , Ur          , Ur          , Xos         , Ur          , Ur          , Ur          , Cud         , Xos         , Cud         , Xos         , Xos         , Xos         , Xos         
Xos         , Xos         , Xos         , Xos         , Xos         , Xos         , Xos         , Xos         , Uu          , Uu          , Kud         , Ur          , Ur          , Xos         , Xos         , Xos         , Ur          , Xos         , Xos         , Ur          , Ur          , Ur          , Ur          , Ur          , Xos         , Xos         , Xos         
Xos         , Xos         , Xos         , Xos         , Uu          , Xos         , Kud         , Xos         , Uu          , Ur          , Uu          , Uu          , Uu          , Ur          , Ur          , Ur          , Ur          , Ur          , Ur          , Xos         , Xos         , Cud         , Ur          , Cud         , Xos         , Xos         , Xos         
Xos         , Xos         , Xos         , Uu^Vud      , Ur          , Uu          , Uu          , Uu          , Uu          , Ur          , Uu^Vud      , Uu          , Xos         , Xos         , Xos         , Ur          , Xos         , Ur          , Ur          , Ur          , Ur          , Ur          , Xos         , Xos         , Xos         , Xos         , Xos         
Xos         , Xos         , Xos         , Uu          , Uu          , Uu          , Uu          , Ur          , Uu          , Xos         , Xos         , Xos         , Xos         , Xos         , Xos         , Xos         , Xos         , Xos         , Xos         , Ur          , Xos         , Xos         , Xos         , Xos         , Xos         , Xos         , Xos         
Xos         , Xos         , Qxu         , Qxu         , Ur          , Ur          , Qxu         , Uu          , Xos         , Xos         , Xos         , Xos         , Ur          , Xos         , Xos         , Xos         , Xos         , Xos         , Xos         , Xos         , Xos         , Xos         , Xos         , Xos         , Xos         , Xos         , Xos         
Xos         , Xos         , Qxu         , Qxu         , Ur          , Ur          , Qxu         , Qxu         , Xos         , Xos         , Ur          , Ur          , Ur          , Ur          , Ur          , Xos         , Xos         , Xos         , Xos         , Xos         , Xos         , Xos         , Xos         , Xos         , Xos         , Xos         , Xos         
Xos         , Xos         , Qxu         , Qxu         , Ur          , Ur          , Qxu         , Qxu         , Xos         , Ur          , Ur          , Ur          , Xos         , Ur          , Ur          , Xos         , Cud         , Uu          , Uu^Vud      , Xos         , Xos         , Xos         , Xos         , Xos         , Xos         , Xos         , Xos         
Xos         , Xos         , Qxu         , Qxu         , Qxu         , Ur          , Qxu         , Qxu         , Xos         , Ur          , Ur          , Xos         , Xos         , Xos         , Cud         , Uu          , Uu          , Xos         , Cud         , Uu          , Uu^Vud      , Xos         , Xos         , Xos         , Xos         , Xos         , Xos         
Xos         , Xos         , Qxu         , Qxu         , Qxu         , Qxu^Bs|     , Qxu         , Qxu         , Uu          , Ur          , Ur          , Xos         , Xos         , Uu          , Uu^Vud      , Xos         , Cud         , Uu          , Uu          , Xos         , Cud         , Uu          , Xos         , Xos         , Xos         , Xos         , Xos         
Xos         , Xos         , Uu^Vud      , Qxu         , Qxu^Bs/     , Uu          , Qxu^Bs\     , Qxu         , Ur          , Ur          , Xos         , Xos         , Xos         , Xos         , Xos         , Uu          , Uu^Vud      , Xos         , Cud         , Uu          , Ur          , Xos         , Xos         , Xos         , Xos         , Xos         , Xos         
Xos         , Xos         , Ur          , Qxu^Bs/     , Qxu         , Qxu         , Qxu         , Qxu^Bs\     , Ur          , Uu          , Xos         , Xos         , Xos         , Xos         , Xos         , Xos         , Xos         , Uu          , Xos         , Xos         , Ur          , Ur          , Xos         , Xos         , Xos         , Xos         , Xos         
Xos         , Xos         , Xos         , Ur          , Ur          , Qxu         , Qxu         , Qxu         , Uu          , Uu          , Xos         , Xos         , Xos         , Xos         , Xos         , Xos         , Xos         , Xos         , Xos         , Ur          , Ur          , Ur          , Xos         , Xos         , Xos         , Xos         , Xos         
Xos         , Xos         , Xos         , Ur          , Uu          , Ur          , Uu          , Uu          , Xos         , Xos         , Xos         , Xos         , Xos         , Xos         , Xos         , Xos         , Xos         , Xos         , Xos         , Uu          , Ur          , Uu          , Xos         , Xos         , Xos         , Xos         , Xos         
Xos         , Xos         , Xos         , Xos         , Xos         , Xos         , Xos         , Xos         , Xos         , Xos         , Xos         , Xos         , Xos         , Xos         , Wo          , Wo          , Ww          , Xos         , Xos         , Uu          , Ur          , Uu          , Xos         , Xos         , Xos         , Xos         , Xos         
Xos         , Xos         , Xos         , Xos         , Xos         , Xos         , Xos         , Xos         , Xos         , Xos         , Xos         , Xos         , Uu^Tf       , Wo          , Wo          , Wo          , Ww          , Uh          , Uh          , Uu          , Ur          , Uh          , Uh          , Uu^Vud      , Xos         , Xos         , Xos         
Xos         , Xos         , Xos         , Xos         , Xos         , Xos         , Xos         , Xos         , Xos         , Xos         , Xos         , Xos         , Ww          , Wo          , Wo          , Wo          , Ww          , Uu^Tf       , Uu^Tf       , Uh          , Ur          , Uh          , Uh          , Uh          , Uh          , Xos         , Xos         
Xos         , Xos         , Xos         , Xos         , Xos         , Xos         , Xos         , Xos         , Xos         , Xos         , Xos         , Xos         , Ww          , Wo          , Wo          , Ww          , Xos         , Ww          , Ww          , Uu          , Ur          , Uu          , Uh          , Uh          , Uh          , Xos         , Xos         
Xos         , Xos         , Xos         , Xos         , Xos         , Xos         , Xos         , Xos         , Xos         , Xos         , Xos         , Ww          , Wo          , Wo          , Wo          , Ww          , Ww          , Xos         , Xos         , Uu          , Uu          , Uu          , Uh          , Uh          , Uh          , Xos         , Xos         
Xos         , Xos         , Xos         , Xos         , Xos         , Xos         , Xos         , Xos         , Xos         , Xos         , Xos         , Wo          , Ww          , Wo          , Ww          , Uu^Tf       , Uu^Tf       , Ww          , Uu^Tf       , Xos         , Xos         , Uh          , Uh          , Uh          , Uh          , Xos         , Xos         
Xos         , Xos         , Xos         , Xos         , Xos         , Xos         , Xos         , Xos         , Xos         , Xos         , Xos         , Xos         , Xos         , Wo          , Xos         , Ww          , Uu^Tf       , Uu^Tf       , Uu          , Uu          , Uu          , Xos         , Uu          , Uu          , Xos         , Xos         , Xos         
Xos         , Xos         , Xos         , Xos         , Xos         , Xos         , Xos         , Xos         , Xos         , Xos         , Xos         , Xos         , Ur          , Xos         , Ur          , Xos         , Xos         , Uu          , Xos         , Uu^Tf       , Uu^Tf       , Xos         , Xos         , Xos         , Xos         , Xos         , Xos         
Xos         , Xos         , Xos         , Xos         , Xos         , Xos         , Xos         , Xos         , Xos         , Xos         , Ql          , Uu^Vud      , Ur          , Ur          , Ql          , Ur          , Ur          , Xos         , Xos         , Uu^Tf       , Ww          , Ww          , Ww          , Xos         , Xos         , Xos         , Xos         
Xos         , Xos         , Xos         , Xos         , Xos         , Xos         , Xos         , Xos         , Xos         , Ql          , Ql          , Ur          , Qlf         , Ur          , Ql          , Ql          , Xos         , Ur          , Xos         , Xos         , Xos         , Ww          , Ww          , Wo          , Xos         , Xos         , Xos         
Xos         , Xos         , Xos         , Xos         , Xos         , Xos         , Xos         , Xos         , Xos         , Ql          , Ql          , Ur          , Qlf         , Ur          , Ql          , Ql          , Xos         , Ur          , Uu^Tf       , Xos         , Ww          , Ww          , Ww          , Wo          , Xos         , Xos         , Xos         
Xos         , Xos         , Xos         , Xos         , Xos         , Xos         , Xos         , Xos         , Xos         , Ql          , Ql          , Ur          , Qlf         , Ur          , Ql          , Ql          , Xos         , Ur          , Uu^Tf       , Ww          , Ww          , Ww          , Wo          , Wo          , Xos         , Xos         , Xos         
Xos         , Xos         , Xos         , Xos         , Xos         , Xos         , Xos         , Xos         , Xos         , Ql          , Ql          , Ur          , Qlf         , Ur          , Ql          , Ql          , Xos         , Xos         , Xos         , Ww          , Wo          , Wo          , Xos         , Xos         , Xos         , Xos         , Xos         
Xos         , Xos         , Xos         , Xos         , Xos         , Xos         , Xos         , Xos         , Xos         , Xos         , Xos         , Ur          , Ur          , Ur          , Xos         , Xos         , Xos         , Xos         , Xos         , Xos         , Xos         , Xos         , Xos         , Xos         , Xos         , Xos         , Xos         
Xos         , Xos         , Xos         , Xos         , Xos         , Xos         , Xos         , Xos         , Ur          , Uu^Vud      , Ur          , Ur          , Xos         , Ur          , Ur          , Ur          , Uu^Vud      , Xos         , Xos         , Xos         , Xos         , Xos         , Xos         , Xos         , Xos         , Xos         , Xos         
Xos         , Xos         , Xos         , Xos         , Xos         , Xos         , Xos         , Xos         , Ur          , Cud         , Uu^Vud      , Xos         , Kud         , Xos         , Uu^Vud      , Cud         , Ur          , Xos         , Xos         , Xos         , Xos         , Xos         , Xos         , Xos         , Xos         , Xos         , Xos         
Xos         , Xos         , Xos         , Xos         , Xos         , Xos         , Xos         , Xos         , Uu^Vud      , Cud         , Cud         , Cud         , Ur          , Cud         , Cud         , Cud         , Uu^Vud      , Xos         , Xos         , Xos         , Xos         , Xos         , Xos         , Xos         , Xos         , Xos         , Xos         
Xos         , Xos         , Xos         , Xos         , Xos         , Xos         , Xos         , Xos         , Xos         , Ur          , Ur          , Ur          , Ur          , Ur          , Ur          , Ur          , Xos         , Xos         , Xos         , Xos         , Xos         , Xos         , Xos         , Xos         , Xos         , Xos         , Xos         
Xos         , Xos         , Xos         , Xos         , Xos         , Xos         , Xos         , Xos         , Xos         , Xos         , Xos         , Ur          , 1 Ur        , Ur          , Xos         , Xos         , Xos         , Xos         , Xos         , Xos         , Xos         , Xos         , Xos         , Xos         , Xos         , Xos         , Xos         
Xos         , Xos         , Xos         , Xos         , Xos         , Xos         , Xos         , Xos         , Xos         , Xos         , Xos         , Xos         , Ur          , Xos         , Xos         , Xos         , Xos         , Xos         , Xos         , Xos         , Xos         , Xos         , Xos         , Xos         , Xos         , Xos         , Xos         
