border_size=1
usage=map

Gs^Fmf      , Gs^Fmf      , Hh^Fmf      , Gs^Fmf      , Hh^Fmf      , Gs^Fmf      , Hh^Fmf      , Gs^Fmf      , Hh^Fmf      , Gs^Fmf      , Gs^Fdf      , Aa^Fpa      , Aa^Fpa      , Aa^Fpa      , Gs^Fmf      , Gs^Fmf      , Aa^Fpa      , Ai          , Gs^Fmf      , Gs^Fmf      , Ha^Fma      , Ha^Fma      , Ha^Fma      , Gs^Fmf      , Ha^Fma      , Ha^Fma      , Ha^Fma      , Ha^Fma      , Ha^Fma      , Ha^Fma      , Gs^Fmf      , Gs^Fmf      , Aa^Fda      , Gs^Fmf      , Gs^Fmf      , Aa^Fda      , Aa^Fda      , Gs^Fmf      , Gs^Fmf      , Aa^Fda      , Aa^Fda      , Gs^Fmf      , Gs^Fmf      , Gs^Fmf      
Hh^Fmf      , Hh^Fmf      , Gg^Ve       , Hh^Fp       , Hh^Fp       , Hh^Fmf      , Aa^Fma      , Aa^Fma      , Aa^Fma      , Hh^Fmf      , Aa^Fda      , Aa^Fpa      , Gs^Fmf      , Aa^Fpa      , Aa^Fpa      , Aa^Fpa      , Gs^Fmf      , Ai          , Ai          , Gs^Fmf      , Gs^Fmf      , Ha^Fma      , Ha^Fma      , Ha^Fma      , Ha^Fma      , Ha^Fma      , Aa^Fma      , Ha^Fma      , Aa^Fma      , Ha^Fma      , Aa^Fda      , Aa^Fda      , Aa^Fda      , Gs^Fmw      , Aa^Fda      , Aa^Fda      , Aa^Fda      , Gs^Fmf      , Aa^Fda      , Gs^Fmf      , Gs^Fmf      , Aa^Fda      , Aa^Fda      , Gs^Fmf      
Hh^Fmf      , Hh^Fmf      , Hh^Fmf      , Hh^Fp       , Aa^Fma      , Aa^Fma      , Gs^Fdw      , Gs^Fdw      , Hh^Fp       , Aa^Fda      , Gs^Fdf      , Aa^Fpa      , Gs^Fmf      , Gs^Fmf      , Gs^Fmf      , Aa^Fpa      , Gs^Fmf      , Ai^Bw\      , Ai^Bw/      , Gs^Fmf      , Ai          , Gs^Fmf      , Ai          , Gg^Ve       , Ha^Fma      , Ha^Fma      , Ha^Fma      , Gs^Fmf      , Gs^Fmf      , Aa^Fda      , Aa^Fda      , Aa^Fda      , Aa^Fda      , Aa^Fda      , Aa^Fda      , Aa^Fda      , Gs^Fmw      , Aa^Fda      , Gs^Fmw      , Aa^Fda      , Aa^Fda      , Gs^Fmf      , Gs^Fmf      , Gs^Fmf      
Gs^Fmf      , Hh^Fmf      , Hh^Fmf      , Hh^Fmf      , Hh^Fmf      , Cv          , Cv          , Gs^Fmw      , Gs^Fmw      , Aa^Fda      , Aa^Fda      , Gg          , Aa          , Aa^Fpa      , Aa^Fpa      , Aa^Fpa      , Gs^Fmf      , Ww          , Ww          , Ai          , Ww          , Ai          , Gs^Fmf      , Ai          , Gs^Fmf      , Ha^Fma      , Gs^Fmf      , Ha^Fma      , Gs^Fmf      , Gs^Fmw      , Gg^Ve       , Gs^Fmw      , Gs^Fdw      , Gs^Fmw      , Gs^Fdw      , Aa^Fma      , Aa^Fma      , Gs^Fmf      , Gs^Fmf      , Aa^Fda      , Aa^Fda      , Gs^Fmf      , Gs^Fmf      , Gs^Fmf      
Gs^Fmf      , Gs^Fmf      , Gs^Fmf      , Hh^Fmf      , Cv          , 5 Kv        , Gs^Fdf      , Gs^Fdw      , Gg^Ve       , Hh^Fp       , Hh^Fp       , Aa^Fma      , Aa          , Aa          , Aa          , Aa^Fpa      , Gs^Fmf      , Gs^Fdf      , Ww          , Ww          , Ww^Bw/      , Ww^Bw/      , Ww          , Ai          , Gs^Fmf      , Gs^Fmf      , Ai          , Gs^Fmf      , Gs^Fmw      , Gs^Fmw      , Gs^Fmf      , Gs^Fdf      , Gs^Fdw      , Gs^Fdf      , Gs^Fdw      , Aa^Fma      , Aa^Fma      , Gs^Fmw      , Gs^Fmf      , Gs^Fdf      , Gs^Fmf      , Aa^Fda      , Gs^Fdf      , Gs^Fdf      
Gs^Fmf      , Gs^Fdw      , Gs^Fmf      , Gs^Fmf      , Gs^Fmf      , Cv          , Hh^Fp       , Gs^Fmf      , Hh^Fp       , Hh^Fp       , Gs^Fmf      , Aa^Fma      , Gs^Fmf      , Aa          , Aa          , Gg          , Gs^Fmf      , Gs^Fdf      , Gs^Fmf      , Ww          , Ww^Bw|      , Ww          , Ww          , Ai          , Ww          , Ww          , Ww          , Ww          , Ww          , Gs^Fmw      , Gs^Fmw      , Gs^Fdf      , Cv          , Gs^Fdf      , Cv          , Gs^Fdf      , Aa^Fma      , Aa^Fma      , Gg          , Gg          , Gs^Fmf      , Gs^Fdf      , Gs^Fdf      , Gs^Fdf      
Gs^Fmf      , Gg^Ve       , Gs^Fmf      , Gs^Fmf      , Hh^Fp       , Hh^Fp       , Gg          , Hh^Fp       , Hh^Fp       , Hh^Fp       , Hh^Fp       , Gs^Fmf      , Gs^Fmf      , Aa          , Aa          , Gg          , Gg          , Gs^Fdf      , Gs^Fdf      , Gs^Fmf      , Gs^Fdf      , Ww          , Ww          , Ww          , Ww          , Ww          , Ww          , Ww          , Ww          , Ai          , Ai          , Gs^Fmw      , Gs^Fdf      , 9 Kv        , Gs^Fmw      , Aa^Fma      , Gs^Fmf      , Gg^Ve       , Aa          , Aa^Fma      , Aa^Fma      , Gs^Fdf      , Aa^Fma      , Gs^Fdf      
Gs^Fmf      , Gs^Fdw      , Gs^Fdw      , Hh^Fp       , Gs^Fdf      , Gg          , Gg          , Gs^Fmf      , Gg          , Gs^Fmf      , Gs^Fdw      , Gs^Fmf      , Gs^Fmf      , Gs^Fmf      , Gg          , Gs^Fmf      , Gs^Fmf      , Gg          , Gs^Fmf      , Gs^Fdf      , Gs^Fdf      , Ai          , Ww          , Ww          , Ww          , Ww          , Ww          , Ww          , Ww          , Ww          , Ww          , Gs^Fmw      , Cv          , Cv          , Cv          , Gs^Fdw      , Gs^Fmf      , Aa^Fma      , Gg          , Aa^Fma      , Gs^Fdf      , Aa^Fma      , Gs^Fdf      , Gs^Fmf      
Gs^Fmf      , Gs^Fmf      , Gs^Fdw      , Gs^Fdw      , Gs^Fdw      , Gs^Fdw      , Gs^Fdf      , Gg          , Gg          , Gg          , Gg          , Gs^Fdw      , Gs^Fdw      , Gs^Fmf      , Gg          , Gs^Fmf      , Gs^Fmf      , Gs^Fmf      , Gs^Fmf      , Gs^Fmf      , Gs^Fmf      , Gs^Fdf      , Ww          , Ww          , Ww          , Ww          , Ww          , Ww          , Ww          , Ai          , Ww          , Gs^Fmf      , Gg^Ve       , Gs^Fdw      , Gs^Fmf      , Gs^Fmf      , Gg          , Gs^Fmf      , Gg          , Gs^Fmf      , Gs^Fdw      , Gs^Fdf      , Gs^Fdf      , Gs^Fmf      
Gs^Fmf      , Gs^Fmf      , Gs^Fp       , Gg^Ve       , Gs^Fdw      , Gs^Fp       , Gs^Fp       , Gs^Fdf      , Gs^Fdf      , Gs^Fmf      , Gg          , Gs^Fmf      , Gg^Ve       , Gs^Fdw      , Gs^Fmf      , Gg          , Gg          , Gs^Fmf      , Gs^Fmf      , Gs^Fmf      , Gs^Fmf      , Gs^Fmf      , Gs^Fmf      , Ww          , Ai          , Ai          , Ai          , Ww          , Ai          , Ai          , Gs^Fmf      , Ai          , Ai          , Gs^Fmf      , Gs^Fmf      , Gg          , Gs^Fmf      , Gg^Ve       , Gs^Fmf      , Gs^Fdw      , Gs^Fmf      , Gs^Fmf      , Ai          , Ai          
Gs^Fmf      , Gs^Fmf      , Gs^Fp       , Gs^Fmf      , Gs^Fp       , Gs^Fdw      , Gs^Fp       , Gs^Fp       , Gg          , Gg          , Gs^Fdf      , Gs^Fmf      , Gs^Fmf      , Gs^Fmf      , Gs^Fmf      , Gs^Fmf      , Gs^Fmf      , Gs^Fmf      , Gs^Fmf      , Gs^Fmf      , Gs^Fmf      , Gs^Fmf      , Gs^Fp       , Gs^Fmf      , Gs^Fp       , Gs^Fmf      , Gs^Fmf      , Gs^Fmf      , Gg^Ve       , Gs^Fmf      , Gs^Fmf      , Gs^Fmf      , Ai          , Gs^Fp       , Gg          , Gg          , Gs^Fmf      , Gs^Fmf      , Gs^Fdw      , Gs^Fdw      , Gs^Fmf      , Ai          , Gs^Fp       , Gs^Fp       
Gs^Fmf      , Gs^Fmf      , Gs^Fmf      , Gg          , Gg          , Gs^Fdw      , Gs^Fmf      , Gs^Fp       , Gs^Fmf      , Gg          , Gs^Fmf      , Gg          , Gg          , Gs^Fmf      , Gs^Fmf      , Gs^Fmf      , Gs^Fmf      , Gs^Fmf      , Gs^Fmf      , Gs^Fp       , Gs^Fp       , Gs^Fmf      , Gg^Ve       , Gs^Fp       , Gs^Fmf      , Gs^Fp       , Gs^Fp       , Gs^Fmf      , Gs^Fmf      , Gs^Fmf      , Gs^Fmf      , Gs^Fmf      , Gg          , Ww^Bw/      , Ai          , Gs^Fp       , Gs^Fp       , Gs^Fmf      , Gs^Fp       , Gs^Fmf      , Ww^Bw|      , Ai          , Gs^Fp       , Gs^Fp       
Gs^Fmf      , Gs^Fmf      , Gs^Fmf      , Gs^Fmf      , Gg          , Gs^Fmf      , Gs^Fmf      , Gs^Fmf      , Gs^Fmf      , Gg          , Gs^Fmf      , Gs^Fmf      , Gg          , Gg          , Gg          , Gg          , Gg          , Gg          , Gg          , Gs^Fmf      , Gs^Fmf      , Gs^Fmf      , Gs^Fmf      , Gs^Fmf      , Gs^Fmf      , Gs^Fmf      , Gs^Fp       , Gs^Fmf      , Gs^Fmf      , Gs^Fmf      , Gg          , Gg          , Gs^Fmf      , Gs^Fp       , Gs^Fmf      , Ww          , Ww          , Gs^Fp       , Ww          , Ww          , Gs^Fp       , Gs^Fp       , Gs^Fdw      , Gs^Fp       
Gs^Fmf      , Gs^Fmf      , Gs^Fmf      , Gs^Fmf      , Gg          , Gs^Fmf      , Gs^Fmf      , Gg^Ve       , Gs^Fp       , Gg          , Gs^Fmf      , Gs^Fmf      , Gs^Fmf      , Gs^Fmf      , Gs^Fmf      , Gs^Fmf      , Gg          , Gs^Fmf      , Gg          , Gs^Fmf      , Gs^Fp       , Gs^Fmf      , Gs^Fmf      , Gs^Fmf      , Gs^Fmf      , Gs^Fp       , Gs^Fp       , Gs^Fmf      , Gg          , Gg          , Gg          , Gs^Fmf      , Gs^Fmf      , Gs^Fmf      , Gs^Fmf      , Gs^Fmf      , Gs^Fmf      , Ww          , Ww          , Gs^Fp       , Gs^Fp       , Gs^Fdw      , Gs^Fmf      , Gs^Fp       
Gs^Fmf      , Gs^Fmf      , Gs^Fmf      , Gs^Fmf      , Gg          , Gs^Fmf      , Gs^Fmf      , Gs^Fp       , Gs^Fp       , Gs^Fmf      , Gs^Fmf      , Gs^Fmf      , Gs^Fmf      , Gs^Fmf      , Gs^Fmf      , Gs^Fmf      , Gg          , Gg          , Gs^Fmf      , Gg          , Gs^Fmf      , Gs^Fmf      , Gs^Fmf      , Gs^Fmf      , Gg^Ve       , Gs^Fmf      , Gs^Fp       , Gs^Fmf      , Gg          , Gg          , Gs^Fmf      , Gg^Ve       , Gs^Fmf      , Gs^Fmf      , Gs^Fdw      , Gs^Fmf      , Gs^Fmf      , Gs^Fmf      , Ww          , Ww          , Gs^Fmf      , Gs^Fdw      , Gs^Fmf      , Gs^Fp       
Gs^Fmf      , Gs^Fmf      , Gs^Fp       , Gs^Fmf      , Gg          , Gs^Fmf      , Gs^Fp       , Gs^Fmf      , Gg          , Gg          , Gs^Fmf      , Gs^Fmf      , Gg          , Gs^Fmf      , Gs^Fmf      , Gs^Fmf      , Gs^Fmf      , Gg^Ve       , Gs^Fmf      , Gg          , Gs^Fmf      , Gs^Fmf      , Gs^Fmf      , Gs^Fp       , Gs^Fmf      , Gs^Fmf      , Gg          , Gg          , Gs^Fmf      , Gs^Fmf      , Gs^Fmf      , Gs^Fmf      , Gs^Fmf      , Gs^Fdw      , Gs^Fdw      , Gs^Fdw      , Gs^Fmf      , Gs^Fmf      , Gs^Fmf      , Ww          , Ww^Bw|      , Ww          , Ww          , Gs^Fmf      
Gs^Fmf      , Gg^Ve       , Gs^Fmf      , Gg          , Gg^Ve       , Gs^Fp       , Gs^Fp       , Gs^Fp       , Gs^Fmf      , Gg          , Gs^Fmf      , Gs^Fmf      , Gg          , Gg          , Gs^Fdf      , Gs^Fmf      , Gs^Fdf      , Gs^Fmf      , Gs^Fmw      , Gs^Fmf      , Gs^Fmw      , Gs^Fmf      , Gs^Fmf      , Gs^Fmf      , Gs^Fmf      , Gs^Fmf      , Gg          , Gg          , Gs^Fmf      , Gs^Fmf      , Gs^Fdw      , Gs^Fdw      , Gs^Fmw      , Gs^Fdw      , Gs^Fmf      , Gs^Fmf      , Gs^Fmf      , Gs^Fmf      , Ww          , Ww          , Gs^Fmf      , Gs^Fmf      , Gs^Fmf      , Ww          
Gs^Fmf      , Gs^Fp       , Gs^Fmf      , Gg          , Gg          , Gg          , Gg          , Gg          , Gs^Fmf      , Gg          , Gg          , Gs^Fmf      , Gs^Fmf      , Gg          , Gs^Fdf      , Gs^Fdf      , Gs^Fdf      , Gs^Fmf      , Gs^Fmw      , Cv          , Gs^Fmw      , Gs^Fmf      , Gg^Fet      , Gs^Fmf      , Gs^Fmf      , Gg          , Gg          , Gs^Fmf      , Gs^Fmf      , Gs^Fdw      , Gs^Fmf      , Gs^Fmf      , Gs^Fmw      , Gs^Fdw      , Gg^Ve       , Gs^Fmf      , Gs^Fmf      , Ww          , Gs^Fmf      , Gs^Fmf      , Gs^Fmf      , Gs^Fmf      , Gs^Fmf      , Gs^Fmf      
Gs^Fmf      , Gs^Fp       , Gs^Fdf      , Gs^Fmf      , Gs^Fp       , Gs^Fmf      , Gs^Fmf      , Gs^Fmf      , Gs^Fmf      , Gs^Fmf      , Gg          , Gs^Fmf      , Gs^Fdf      , Gg^Ve       , Gs^Fdf      , Gs^Fmf      , Gs^Fdf      , Gs^Fmw      , Cv          , 6 Kv        , Cv          , Gs^Fmf      , Gs^Fmf      , Gs^Fmf      , Gs^Fmf      , Gs^Fmf      , Gg          , Gs^Fmf      , Gs^Fmf      , Gs^Fdw      , Gg^Ve       , Gs^Fdw      , Gs^Fmw      , Gs^Fdw      , Gs^Fmf      , Gs^Fmf      , Gs^Fmf      , Ww^Bw/      , Gs^Fmf      , Gs^Fmf      , Gs^Fmf      , Gs^Fmf      , Gs^Fmf      , Gs^Fmf      
Gs^Fmf      , Gs^Fp       , Gs^Fdf      , Cv          , Cv          , Gs^Fdf      , Gs^Fdf      , Gs^Fmf      , Gs^Fmf      , Gs^Fmf      , Gs^Fdf      , Gg          , Gs^Fmf      , Gs^Fmf      , Gs^Fdf      , Gg          , Gg          , Gs^Fmf      , Gs^Fmw      , Gs^Fmf      , Gs^Fmw      , Gs^Fmf      , Gs^Fmf      , Gs^Fmf      , Gs^Fmf      , Gs^Fmf      , Gs^Fmf      , Gg          , Gs^Fmf      , Gs^Fmf      , Gs^Fmf      , Gs^Fdw      , Gs^Fmf      , Gs^Fdw      , Gs^Fmf      , Gs^Fmf      , Ww          , Ww          , Ww          , Gs^Fmf      , Gs^Fmf      , Gs^Fmf      , Gs^Fmf      , Gs^Fmf      
Gs^Fmf      , Gs^Fmf      , Cv          , 4 Kv        , Gs^Fdf      , Gs^Fdf      , Gs^Fdf      , Gg^Ve       , Gs^Fmf      , Gs^Fmf      , Gs^Fdf      , Gs^Fmf      , Gs^Fmf      , Gg          , Gg          , Gs^Fdf      , Gs^Fdf      , Gs^Fmf      , Gs^Fmf      , Gs^Fmw      , Gs^Fmf      , Gs^Fmw      , Gs^Fmf      , Gs^Fmf      , Gs^Fmf      , Gs^Fmf      , Gs^Fmf      , Gg          , Gs^Fmf      , Gg^Fet      , Gs^Fmf      , Gs^Fdw      , Gs^Fdw      , Gs^Fdw      , Gs^Fmf      , Gs^Fmf      , Ww          , Ww          , Gs^Fmf      , Gs^Fmf      , Gs^Fmf      , Gs^Fmf      , Gs^Fmf      , Gs^Fmf      
Gs^Fmf      , Gs^Fmf      , Gs^Fmf      , Cv          , Gs^Fmf      , Gs^Fmf      , Gs^Fmf      , Gs^Fdf      , Gg          , Gs^Fmf      , Gs^Fdf      , Gs^Fmf      , Gg          , Gg          , Gs^Fdf      , Gs^Fdf      , Gs^Fdf      , Gs^Fdf      , Gs^Fdf      , Gs^Fmf      , Gg^Ve       , Gs^Fmf      , Gs^Fmf      , Gs^Fmf      , Gg          , Gg          , Gg          , Gg          , Gs^Fmf      , Gs^Fmf      , Gs^Fmf      , Gs^Fmf      , Gs^Fdw      , Gs^Fmf      , Gs^Fmf      , Gs^Fdf      , Gs^Fdf      , Gs^Fdf      , Gs^Fdf      , Gs^Fmf      , Gs^Fmf      , Gs^Fmf      , Gs^Fmf      , Gs^Fmf      
Gs^Fmf      , Gs^Fmf      , Gs^Fmf      , Gs^Fmf      , Gs^Fmf      , Gs^Fmf      , Gs^Fmf      , Gs^Fmf      , Gs^Fdf      , Gs^Fdf      , Gg          , Gg          , Gg          , Gg          , Gs^Fmf      , Gs^Fmf      , Gs^Fmf      , Gs^Fmf      , Gs^Fmf      , Gs^Fmf      , Gs^Fmf      , Gs^Fmf      , Gs^Fmf      , Gs^Fmf      , Gs^Fmf      , Gg          , Gg          , Gg          , Gs^Fmf      , Gs^Fmf      , Gs^Fmf      , Gs^Fmf      , Gs^Fdw      , Gs^Fdw      , Gs^Fmf      , Gg^Ve       , Gs^Fdf      , Gs^Fmf      , Gs^Fmf      , Gs^Fdf      , Gs^Fmf      , Gs^Fmf      , Gs^Fmf      , Gs^Fmf      
Gg          , Gg          , Gg          , Gg^Ve       , Gs^Fmf      , Gs^Fmf      , Gs^Fmf      , Gs^Fmf      , Gs^Fmf      , Gs^Fdf      , Gg          , Gg          , Gs^Fdf      , Gs^Fdf      , Gs^Fmf      , Gs^Fmf      , Gs^Fmf      , Gs^Fmf      , Gs^Fmf      , Gs^Fmf      , Gs^Fmf      , Gs^Fmf      , Gs^Fmf      , Gs^Fmf      , Gs^Fmf      , Gg          , Gg          , Gg          , Gg          , Gs^Fmf      , Gs^Fmf      , Gs^Fmw      , Gs^Fdw      , Gs^Fmf      , Gs^Fmf      , Gs^Fmf      , Gs^Fdf      , Gs^Fmf      , Gs^Fdf      , Gs^Fdf      , Gs^Fmf      , Gg^Ve       , Gs^Fmf      , Gs^Fmf      
Gg          , Gs^Fmf      , Gs^Fmf      , Gg          , Gg          , Gs^Fmf      , Gg          , Gs^Fmf      , Gs^Fmf      , Gs^Fdf      , Gg          , Gs^Fdf      , Gs^Fmf      , Gs^Fmf      , Gs^Fmf      , Gg^Ve       , Gg^Ve       , Gs^Fmf      , Gg^Fet      , Gs^Fmf      , Gs^Fmf      , Gs^Fmf      , Gs^Fmf      , Gs^Fmf      , Gs^Fmf      , Gs^Fmf      , Gg          , Gg          , Gs^Fmf      , Gg          , Gg          , Gg          , Gs^Fmw      , Gs^Fdw      , Gs^Fmw      , Gs^Fmf      , Gs^Fmw      , Cv          , 8 Kv        , Gs^Fdw      , Gs^Fmf      , Gs^Fmf      , Gs^Fmf      , Gs^Fmf      
Gs^Fmf      , Gg          , Gs^Fmf      , Gs^Fmf      , Gg          , Gg          , Gs^Fmf      , Gg          , Gs^Fmf      , Gs^Fmf      , Gs^Fmf      , Gs^Fmf      , Gs^Fmf      , Gs^Fmf      , Gs^Fmf      , Gs^Fmf      , Gs^Fmf      , Gs^Fmf      , Gs^Fmf      , Gs^Fmf      , Gs^Fmf      , Gs^Fmf      , Gs^Fmf      , Gs^Fmf      , Gg          , Gg          , Gs^Fmf      , Gs^Fmf      , Gs^Fmf      , Gs^Fmf      , Gs^Fmf      , Gg          , Gg          , Gs^Fmw      , Gs^Fmf      , Gs^Fmw      , Gs^Fmf      , Cv          , Cv          , Cv          , Gs^Fmf      , Gs^Fmf      , Gs^Fmf      , Gs^Fmf      
Gs^Fmf      , Gg          , Gg          , Gs^Fmf      , Gg          , Gg          , Gs^Fp       , Gs^Fmf      , Gs^Fp       , Gs^Fp       , Gs^Fmf      , Gs^Fmf      , Gs^Fmf      , Gs^Fmf      , Gs^Fmf      , Gs^Fmf      , Gs^Fmf      , Gs^Fmf      , Gs^Fmf      , Gs^Fmf      , Gs^Fdw      , Gs^Fdw      , Gs^Fmf      , Gs^Fmf      , Gg          , Gg          , Gs^Fmf      , Gs^Fmf      , Gs^Fmf      , Gs^Fmf      , Gs^Fdw      , Gs^Fdw      , Gs^Fmw      , Gs^Fdw      , Gs^Fmf      , Gs^Fmf      , Gs^Fmf      , Gs^Fdf      , Gs^Fdw      , Gs^Fmf      , Gs^Fmf      , Gs^Fdw      , Gs^Fmf      , Gs^Fmf      
Gs^Fmf      , Gg          , Gg          , Gg          , Gg          , Gs^Fp       , Gs^Fp       , Gs^Fp       , Gs^Fmf      , Gs^Fp       , Gs^Fmf      , Gs^Fmf      , Gs^Fmf      , Gs^Fmf      , Gs^Fmf      , Gs^Fmf      , Gg          , Gs^Fmf      , Gg          , Gs^Fmf      , Gs^Fdw      , Gs^Fdw      , Gs^Fmf      , Gg          , Gg          , Gs^Fmf      , Gs^Fmf      , Gs^Fmf      , Gs^Fmf      , Gg^Ve       , Gs^Fdw      , Gs^Fmf      , Gs^Fmf      , Gs^Fdw      , Gs^Fmf      , Gs^Fmf      , Gs^Fmf      , Gs^Fmf      , Gs^Fmf      , Gs^Fdw      , Gs^Fdw      , Gs^Fdw      , Gs^Fmf      , Gs^Fmf      
Gs^Fmf      , Gs^Fmf      , Gs^Fmf      , Gg          , Gg          , Gg          , Gg          , Gs^Fp       , Gs^Fmf      , Gs^Fmf      , Gs^Fmf      , Gs^Fmf      , Gs^Fp       , Gs^Fp       , Gs^Fp       , Gs^Fmf      , Gs^Fp       , Gg          , Gg          , Gg          , Gg          , Gs^Fdw      , Gs^Fp       , Gg          , Gg          , Gs^Fmf      , Gs^Fmf      , Gs^Fmf      , Gs^Fmf      , Gs^Fmf      , Gs^Fmf      , Gs^Fmf      , Gs^Fmw      , Gs^Fmw      , Gs^Fmf      , Gg^Ve       , Gs^Fmf      , Gs^Fmf      , Gs^Fdf      , Gs^Fmf      , Gs^Fmf      , Gs^Fmf      , Gs^Fmf      , Gs^Fmf      
Gs^Fmf      , Gs^Fmf      , Gs^Fmf      , Gs^Fp       , Gs^Fp       , Gg          , Gg          , Gs^Fp       , Gs^Fmf      , Gs^Fmf      , Gs^Fp       , Gs^Fp       , Gs^Fp       , Gs^Fp       , Gs^Fp       , Gs^Fmf      , Gg          , Gg          , Gs^Fmf      , Gs^Fp       , Gs^Fmf      , Gs^Fdw      , Gs^Fdw      , Gs^Fp       , Gg          , Gs^Fp       , Gg          , Gs^Fmf      , Gs^Fp       , Gs^Fmf      , Gs^Fmf      , Gs^Fmw      , Gs^Fdw      , Gs^Fmw      , Gs^Fmw      , Gs^Fmf      , Gg          , Gs^Fmf      , Gs^Fdf      , Gs^Fdf      , Gs^Fmf      , Gs^Fmf      , Gs^Fmf      , Gs^Fmf      
Gs^Fmf      , Gs^Fmf      , Gg^Ve       , Gs^Fp       , Gs^Fp       , Gs^Fmf      , Gs^Fp       , Gs^Fmf      , Gs^Fmf      , Gs^Fp       , Gs^Fp       , Gg          , Gg          , Gg          , Gg          , Gg          , Gs^Fmf      , Gs^Fmf      , Gs^Fmf      , Gs^Fp       , Gs^Fp       , Gs^Fdw      , Gs^Fdw      , Gs^Fmf      , Gs^Fp       , Gg          , Gg          , Gg          , Gg          , Gs^Fp       , Gs^Fmf      , Gs^Fmw      , Gs^Fdw      , Gs^Fmf      , Gs^Fmf      , Gs^Fmf      , Gg          , Gg          , Gg          , Gs^Fmf      , Gs^Fmf      , Gs^Fmf      , Gs^Fmf      , Gs^Fmf      
Gs^Fmf      , Gs^Fmf      , Gs^Fmf      , Gs^Fmf      , Gg          , Gg          , Gg          , Gg          , Gs^Fp       , Gs^Fp       , Gs^Fp       , Gg          , Gg          , Gs^Fmf      , Gs^Fmf      , Gs^Fmf      , Gs^Fmf      , Gs^Fmf      , Gs^Fmf      , Gs^Fmf      , Gs^Fp       , Gg^Ve       , Gs^Fp       , Gs^Fmf      , Gs^Fp       , Gs^Fmf      , Gs^Fmf      , Gs^Fmf      , Gs^Fmf      , Gg          , Gs^Fmf      , Gs^Fmf      , Gs^Fmf      , Gg^Ve       , Gs^Fdf      , Gs^Fdf      , Gg          , Gg          , Gg          , Gs^Fmf      , Gs^Fmf      , Gs^Fmf      , Gs^Fmf      , Gs^Fmf      
Gs^Fmf      , Gs^Fmf      , Gg          , Gg          , Gg          , Gg          , Gs^Fp       , Gs^Fp       , Gs^Fp       , Gs^Fp       , Gs^Fmf      , Gg          , Gg          , Gs^Fmf      , Gs^Fmf      , Gs^Fmf      , Gs^Fmf      , Gs^Fmf      , Gg          , Gs^Fmf      , Gs^Fmf      , Gs^Fp       , Gs^Fmf      , Gs^Fmf      , Gs^Fmf      , Gs^Fmf      , Gg^Fet      , Gs^Fmf      , Gs^Fmf      , Gg          , Gg          , Gs^Fmf      , Gs^Fdf      , Gs^Fdf      , Gs^Fmf      , Gs^Fdf      , Gg          , Gg          , Gs^Fmf      , Gg          , Gs^Fmf      , Gs^Fmf      , Gs^Fmf      , Gs^Fmf      
Gs^Fmf      , Gs^Fmf      , Gg          , Gs^Fmf      , Gs^Fmf      , Gg          , Gs^Fmf      , Gs^Fmf      , Gs^Fmf      , Gs^Fmf      , Gg          , Gg          , Gg          , Gg          , Gg          , Gs^Fmf      , Gs^Fp       , Gs^Fmf      , Gs^Fmf      , Gg          , Gs^Fmf      , Gs^Fmf      , Gs^Fmf      , Gs^Fmf      , Gs^Fmf      , Gs^Fmf      , Gs^Fmf      , Gs^Fmf      , Gs^Fmf      , Gs^Fmf      , Gg          , Gs^Fdf      , Gs^Fdw      , Gs^Fdw      , Gs^Fmf      , Gs^Fmf      , Gs^Fmf      , Gs^Fmf      , Gs^Fmf      , Gg          , Gs^Fmf      , Gs^Fmf      , Gs^Fmf      , Gs^Fmf      
Gs^Fmf      , Gs^Fmf      , Gs^Fmf      , Gg^Ve       , Gs^Fmf      , Gs^Fmf      , Gs^Fmf      , Gs^Fmf      , Gs^Fp       , Gg          , Gs^Fp       , Gs^Fmf      , Gs^Fmf      , Gg          , Gg          , Gs^Fmf      , Gs^Fmf      , Gs^Fp       , Gs^Fmf      , Gs^Fmf      , Gs^Fmf      , Gs^Fmf      , Gs^Fmf      , Gs^Fmf      , Gs^Fmf      , Gs^Fmf      , Gs^Fmf      , Gs^Fmf      , Gs^Fdf      , Gs^Fmf      , Gg          , Gs^Fmf      , Gs^Fdw      , Gs^Fdw      , Gs^Fmf      , Gs^Fdw      , Gs^Fdf      , Gs^Fmf      , Gs^Fmf      , Gg          , Gg          , Gs^Fmf      , Gs^Fmf      , Gs^Fmf      
Gs^Fmf      , Gs^Fmf      , Ce          , Gs^Fmf      , Gs^Fmf      , Gs^Fmf      , Gs^Fmf      , Gs^Fmf      , Gs^Fmf      , Gg          , Gs^Fmf      , Gs^Fmf      , Gg^Ve       , Gs^Fmf      , Gs^Fmf      , Gs^Fmf      , Gs^Fmf      , Gs^Fmf      , Gs^Fmf      , Gs^Fmf      , Gs^Fmf      , Gs^Fp       , Gs^Fmf      , Gs^Fmf      , Gs^Fp       , Gs^Fmf      , Gs^Fmf      , Gs^Fmf      , Gs^Fdf      , Gs^Fp       , Gg          , Gs^Fdf      , Gg^Ve       , Gs^Fmf      , Gs^Fdw      , Gs^Fdw      , Gs^Fmf      , Gs^Fmf      , Gs^Fmf      , Ww          , Ww          , Ww          , Ww^Bw|      , Gs^Fmf      
Gs^Fmf      , Gs^Fmf      , 2 Ke        , Ce          , Ce          , Gg          , Gg          , Gg          , Gg          , Gg          , Gs^Fdf      , Gs^Fdf      , Gs^Fdf      , Gs^Fmf      , Gs^Fmf      , Gs^Fmf      , Gs^Fmf      , Gs^Fmf      , Gs^Fmf      , Gs^Fp       , Gs^Fp       , Gs^Fp       , Gs^Fmf      , Gs^Fmf      , Gs^Fmf      , Gs^Fmf      , Gs^Fmf      , Gs^Fmf      , Gs^Fdf      , Gs^Fmf      , Gg          , Gs^Fmf      , Gs^Fdw      , Gs^Fdf      , Ww          , Gs^Fmf      , Ww          , Gg          , Ww          , Ww          , Ww          , Ww          , Gs^Fmf      , Ww          
Gs^Fmf      , Gs^Fmf      , Gs^Fmf      , Ce          , Gs^Fmf      , Gg          , Gs^Fmf      , Gg^Ve       , Gs^Fmf      , Gg          , Gg          , Gs^Fmf      , Gs^Fdf      , Gs^Fmf      , Gg          , Gs^Fmf      , Gs^Fmf      , Gs^Fmf      , Gs^Fmf      , Gg^Ve       , Gs^Fmf      , Gs^Fmf      , Gs^Fmf      , Gs^Fp       , Ww          , Gs^Fmf      , Gs^Fmf      , Gs^Fmf      , Gg          , Gg          , Gs^Fdf      , Gs^Fdf      , Ww          , Ww^Bw|      , Ww          , Ww          , Gs^Fmf      , Ww          , Ww          , Ww          , Gs^Fmf      , Gs^Fmf      , Gs^Fmf      , Ww          
Gs^Fmf      , Gs^Fmf      , Gg^Ve       , Gs^Fmf      , Gg          , Gg          , Gs^Fmf      , Gs^Fmf      , Gg          , Gs^Fdf      , Gg          , Gg          , Gs^Fdf      , Gs^Fdf      , Gg          , Gs^Fmf      , Gs^Fmf      , Gs^Fmf      , Gg^Fet      , Gs^Fmf      , Gs^Fmf      , Gs^Fmf      , Ww          , Ww          , Ww          , Ww          , Ww          , Gg          , Ww          , Ww          , Ww          , Ww          , Ww          , Ww^Bw|      , Ww          , Gg^Ve       , Gs^Fdf      , Gs^Fmf      , Ww          , Gg          , Gg          , Gg          , Gs^Fmf      , Gs^Fmf      
Gs^Fmf      , Gs^Fmf      , Gs^Fmf      , Gg          , Gg          , Gs^Fmf      , Gg          , Gs^Fmf      , Gs^Fmf      , Gs^Fdf      , Gg^Ve       , Gg          , Gg          , Gg          , Gg          , Gs^Fmf      , Gs^Fmf      , Gs^Fmf      , Gs^Fmf      , Gs^Fmf      , Gs^Fmf      , Ww          , Gs^Fmf      , Ww          , Gs^Fp       , Ww          , Ww          , Ww          , Ww          , Gs^Fmf      , Ww          , Ww          , Ww          , Gg          , Gs^Fdf      , Ww          , Ww          , Ww          , Gs^Fmf      , Gs^Fmf      , Gs^Fmf      , Gs^Fmf      , Gs^Fmf      , Gs^Fmf      
Gs^Fmf      , Gs^Fmf      , Ce          , Ce          , Gg          , Gg          , Gs^Fmf      , Gg          , Gg          , Gs^Fdf      , Gg          , Gg          , Gs^Fmf      , Gg          , Gg          , Gg          , Gs^Fmf      , Gs^Fmf      , Gs^Fmf      , Gs^Fmf      , Ww          , Ww          , Ww          , Ww          , Gs^Fmf      , Gs^Fmf      , Gg          , Ww          , Gg          , Ww          , Gs^Fdf      , Gs^Fdf      , Gs^Fdf      , Gg          , Gs^Fmf      , Gs^Fmf      , Gs^Fmf      , Gs^Fmf      , Gs^Fdf      , Cv          , Cv          , Gg^Ve       , Gs^Fmf      , Gs^Fmf      
Gs^Fmf      , Ce          , 1 Ke        , Ce          , Ce          , Gg          , Gs^Fmf      , Gg          , Gg          , Gg          , Ce          , Ce          , Ce          , Gg          , Gg^Ve       , Gg          , Gs^Fmf      , Gs^Fmf      , Gs^Fmf      , Gs^Fmf      , Ww          , Gs^Fmf      , Ww          , Gs^Fmf      , Gs^Fmf      , Gs^Fmf      , Gs^Fmf      , Gg^Ve       , Gs^Fmf      , Gg          , Gg          , Gs^Fmf      , Gg          , Gg          , Gs^Fmf      , Gs^Fmf      , Gs^Fmf      , Gs^Fmf      , Cv          , 7 Kv        , Gs^Fdf      , Gs^Fmf      , Gs^Fmf      , Gs^Fmf      
Gs^Fmf      , Ce          , Ce          , Ce          , Gg          , Gg          , Gg          , Gg          , Gg^Ve       , Gs^Fmf      , Ce          , 3 Ke        , Gs^Fmf      , Gs^Fmf      , Gs^Fmf      , Gg          , Gg          , Gs^Fmf      , Ww          , Ww          , Ww          , Ww          , Gs^Fmf      , Gs^Fmf      , Gs^Fmf      , Gs^Fmf      , Gs^Fmf      , Gs^Fmf      , Gg^Ve       , Gs^Fmf      , Gs^Fmf      , Gg          , Gg          , Gs^Fmf      , Gs^Fmf      , Gg^Ve       , Gs^Fmf      , Gs^Fmf      , Gs^Fmf      , Cv          , Gs^Fmf      , Gs^Fmf      , Gs^Fmf      , Gs^Fmf      
Gs^Fmf      , Gs^Fmf      , Gs^Fmf      , Gs^Fmf      , Gs^Fmf      , Gs^Fmf      , Gs^Fmf      , Gs^Fmf      , Gs^Fmf      , Gs^Fmf      , Gs^Fmf      , Gs^Fmf      , Gs^Fmf      , Gs^Fmf      , Gs^Fmf      , Gs^Fmf      , Gs^Fmf      , Gs^Fmf      , Ww          , Ww          , Gs^Fmf      , Gs^Fmf      , Gs^Fmf      , Gs^Fmf      , Gs^Fmf      , Gs^Fmf      , Gs^Fmf      , Gs^Fmf      , Gs^Fmf      , Gs^Fmf      , Gs^Fmf      , Gg          , Gs^Fmf      , Gs^Fmf      , Gs^Fmf      , Gs^Fmf      , Gs^Fmf      , Gs^Fmf      , Gs^Fmf      , Gs^Fmf      , Gs^Fmf      , Gs^Fmf      , Gs^Fmf      , Gs^Fmf      
