border_size=1
usage=map

Gs^Fdf      , Gs^Fdf      , Gs^Fdf      , Gs^Fdf      , Gs^Fdf      , Gs^Fdf      , Gs^Fdf      , Gs^Fdf      , Gs^Fdf      , Gs^Fdf      , Gs^Fdf      , Gs^Fdf      , Gs^Fdf      , Gs^Fdf      , Gs^Fdf      , Gs^Fdf      , Gs^Fdf      , Gs^Fdf      , Gs^Fdf      , Gs^Fdf      , Gs^Fdf      , Gs^Fdf      , Gs^Fdf      , Gs^Fdf      , Gs^Fdf      , Gs^Fdf      , Gs^Fdf      , Gs^Fdf      
Gs^Fdf      , Gs^Fdf      , Gs^Fdf      , Gs^Fdf      , Gs^Fdf      , Gs^Fdf      , Gs^Fdf      , Gs^Fdf      , Gs^Fdf      , Gs^Fdf      , Gs^Fdf      , Gs^Fdf      , Gs^Fdf      , Gs^Fdf      , Gs^Fmf      , Gs^Fdf      , Gs^Fmf      , Gs^Fdf      , Gs^Fdf      , Gs^Fdf      , Gs^Fdf      , Gs^Fdf      , Gs^Fdf      , Gs^Fdf      , Gs^Fdf      , Gs^Fdf      , Gs^Fdf      , Gs^Fdf      
Gs^Fdf      , Gs^Fdf      , Gs^Fdf      , Gs^Fdf      , Gs^Fdf      , Gs^Fdf      , Gs^Fdf      , Gs^Fdf      , Gs^Fmf      , Gs^Fdf      , Gs^Fdf      , Gs^Fdf      , Gs^Fdf      , Gs^Fmf      , Gs^Fdf      , Gs^Fmf      , Gs^Fmf      , Gs^Fmf      , Gs^Fdf      , Gs^Fdf      , Gs^Fdf      , Gs^Fdf      , Gs^Fdf      , Gs^Fdf      , Gs^Fdf      , Gs^Fdf      , Gs^Fdf      , Gs^Fdf      
Gs^Fdf      , Gs^Fdf      , Gs^Fdf      , Gs^Fdf      , Gg          , Gg          , Gg          , Gs^Fdf      , Gs^Fdf      , Gs^Fmf      , Gs^Fmf      , Gs^Fdf      , Gs^Fdf      , Gs^Fdf      , Gs^Fdf      , Gs^Fdf      , Gs^Fdf      , Gs^Fdf      , Gg          , Gs^Fdf      , Gs^Fdf      , Gs^Fdf      , Gs^Fdf      , Gs^Fdf      , Gs^Fdf      , Gs^Fdf      , Gg          , Gs^Fdf      
Gs^Fdf      , Gs^Fdf      , Gs^Fmf      , Gg          , Gs^Fmf      , Gs^Fdf      , Gs^Fdf      , Gg          , Gs^Fdf      , Gs^Fmf      , Gg          , Gs^Fdf      , Gg          , Gs^Fdf      , Gs^Fmf      , Gs^Fdf      , Gs^Fmf      , Gs^Fdf      , Gg          , Gg          , Gs^Fdf      , Gs^Fdf      , Gs^Fdf      , Gs^Fdf      , Gg          , Gg          , Gs^Fdf      , Gg          
Gg          , Gs^Fmf      , Gg          , Gg          , Gg          , Gs^Fmf      , Gs^Fmf      , Gg          , Gg          , Gg          , Gs^Fmf      , Gg          , Gs^Fmf      , Gg          , Gg          , Gg          , Gg          , Gg          , Gg          , Gg          , Gs^Fdf      , Gs^Fdf      , Gs^Fmf      , Gs^Fmf      , Gg          , Gg          , Gs^Fdf      , Gs^Fdf      
Gs^Fmf      , Gg          , Gs^Fmf      , Gg          , Gg          , Gs^Fmf      , Gs^Fmf      , Gs^Fmf      , Gg          , Gs^Fmf      , Gs^Fdf      , Gs^Fmf      , Gg          , Gg          , Gg          , Gg          , Gs^Fdf      , Gs^Fmf      , Gs^Fdf      , Gg          , Gs^Fmf      , Gs^Fmf      , Gg          , Gg          , Gs^Fmf      , Gs^Fmf      , Gs^Fmf      , Gs^Fdf      
Gs^Fmf      , Gs^Fmf      , Gs^Fmf      , Gs^Fmf      , Gg          , Gg          , Gg          , Gg          , Gg          , Gs^Fdf      , Gg          , Gg          , Gs^Fdf      , Gs^Fmf      , Gs^Fmf      , Gg          , Gg          , Gs^Fmf      , Gs^Fmf      , Gg          , Gg          , Gs^Fmf      , Gg          , Gg          , Gs^Fdf      , Gs^Fdf      , Gs^Fmf      , Gs^Fmf      
Gg          , Gs^Fmf      , Gs^Fmf      , Gs^Fdf      , Gs^Fmf      , Gs^Fmf      , Gg          , Gg          , Gs^Fmf      , Gg          , Gs^Fmf      , Gg          , Gs^Fmf      , Gs^Fdf      , Gs^Fmf      , Gg          , Gg          , Gs^Fmf      , Gg          , Gg          , Gg          , Gs^Fdf      , Gs^Fdf      , Gg          , Gs^Fdf      , Gs^Fmf      , Gg          , Gs^Fdf      
Gg          , Gs^Fmf      , Gg          , Gg          , Gg          , Gg          , Gs^Fdf      , Gs^Fmf      , Gs^Fdf      , Gs^Fmf      , Gs^Fdf      , Gg          , Gs^Fdf      , Gs^Fmf      , Gs^Fdf      , Gs^Fdf      , Gs^Fdf      , Gg          , Gg          , Gg          , Gg          , Gs^Fdf      , Gg          , Gs^Fmf      , Gg          , Gs^Fmf      , Gg          , Gs^Fdf      
Gs^Fmf      , Gg          , Gs^Fmf      , Gs^Fdf      , Gs^Fmf      , Gs^Fdf      , Wo          , Gs^Fdf      , Gs^Fdf      , Gs^Fdf      , Gs^Fdf      , Gg          , Gs^Fdf      , Gs^Fmf      , Gs^Fdf      , Gs^Fdf      , Gs^Fdf      , Gs^Fdf      , Gs^Fdf      , Gs^Fdf      , Gs^Fdf      , Gg          , Gs^Fmf      , Gg          , Gs^Fmf      , Gg          , Gg          , Gs^Fdf      
Gs^Fmf      , Gs^Fmf      , Wo          , Wo          , Wo          , Wo          , Ww          , Wo          , Gs^Fmf      , Gs^Fdf      , Gs^Fdf      , Gs^Fdf      , Wo          , Ww          , Ww          , Gs^Fdf      , Gs^Fmf      , Gs^Fdf      , Gs^Fdf      , Gs^Fdf      , Gs^Fmf      , Gs^Fmf      , Gs^Fdf      , Gs^Fdf      , Gs^Fmf      , Gs^Fdf      , Gg          , Gg          
Wo          , Wo          , Gs^Fdf      , Ww          , Ww          , Ww          , Ww          , Ww          , Ww          , Ww          , Wo          , Wo          , Wo          , Wo          , Wo          , Ww          , Ww          , Wo          , Wo          , Wo          , Wo          , Gs^Fdf      , Gs^Fdf      , Gs^Fdf      , Wo          , Wo          , Wo          , Wo          
Wo          , Ww          , Ww          , Ww          , Ww          , Ww          , Wo          , Ww          , Wo          , Wo          , Gs^Fdf      , Wo          , Gs^Fdf      , Gs^Fdf      , Wo          , Ww          , Ww          , Ww          , Ww          , Ww          , Ww          , Wo          , Wo          , Wo          , Gs^Fmf      , Wo          , Gs^Fdf      , Gs^Fdf      
Ww          , Ww          , Ww          , Wo          , Wo          , Wo          , Wo          , Wo          , Gs^Fdf      , Gs^Fdf      , Gs^Fmf      , Gs^Fdf      , Gs^Fmf      , Gs^Fmf      , Gs^Fmf      , Wo          , Wo          , Ww          , Ww          , Ww          , Ww          , Ww          , Ww          , Gs^Fmf      , Gs^Fmf      , Gs^Fmf      , Ww          , Ww          
Gs^Fmf      , Ww          , Ww          , Ww          , Ww          , Ww          , Wo          , Gs^Fmf      , Gs^Fmf      , Gs^Fmf      , Ww          , Ww          , Ww          , Gs^Fdf      , Gs^Fmf      , Ww          , Ww          , Wo          , Wo          , Wo          , Wo          , Ww          , Ww          , Ww          , Wo          , Ww          , Ww          , Ww          
Ww          , Wo          , Wo          , Ww          , Ww          , Gs^Fdf      , Ww          , Wo          , Wo          , Gs^Fmf      , Gs^Fmf      , Ww          , Gs^Fmf      , Ww          , Gs^Fdf      , Gs^Fmf      , Ww          , Ww          , Ww          , Gs^Fmf      , Ww          , Wo          , Wo          , Wo          , Gs^Fdf      , Ww          , Ww          , Gs^Fmf      
Gs^Fdf      , Gg          , Gs^Fdf      , Wo          , Wo          , Ww          , Gs^Fdf      , Gs^Fdf      , Ww          , Ww          , Ww          , Gs^Fmf      , Ww          , Ww          , Ww          , Ww          , Wo          , Gs^Fdf      , Gs^Fdf      , Ww          , Gs^Fdf      , Ww          , Ww          , Ww          , Ww          , Ww          , Wo          , Wo          
Gs^Fdf      , Gg          , Gg          , Gs^Fdf      , Gs^Fdf      , Wo          , Wo          , Gs^Fdf      , Wo          , Wo          , Wo          , Wo          , Wo          , Ww          , Gs^Fdf      , Gs^Fdf      , Ww          , Wo          , Ww          , Wo          , Wo          , Gs^Fmf      , Gs^Fdf      , Ww          , Wo          , Wo          , Gs^Fmf      , Gs^Fdf      
Gs^Fdf      , Gs^Fdf      , Gs^Fdf      , Gg          , Gg          , Gs^Fmf      , Gs^Fmf      , Wo          , Gg          , Wo          , Ww          , Wo          , Gs^Fdf      , Ww          , Ww          , Gs^Fdf      , Gs^Fmf      , Wo          , Gs^Fmf      , Ww          , Ww          , Wo          , Wo          , Wo          , Wo          , Gs^Fdf      , Gs^Fdf      , Gs^Fdf      
Gs^Fdf      , Gs^Fdf      , Gg          , Gs^Fdf      , Gg          , Gg          , Gg          , Gg          , Gs^Fdf      , Gg          , Gs^Fdf      , Gs^Fdf      , Gs^Fdf      , Gs^Fdf      , Gs^Fdf      , Gs^Fdf      , Gg          , Gs^Fmf      , Gg          , Gs^Fmf      , Gg          , Gs^Fmf      , Gg          , Gs^Fdf      , Gs^Fdf      , Gs^Fdf      , Gs^Fdf      , Gs^Fdf      
Gs^Fmf      , Gs^Fdf      , Gg          , Gs^Fmf      , Gs^Fmf      , Gg          , Gs^Fmf      , Gs^Fdf      , Gs^Fdf      , Gs^Fdf      , Gs^Fmf      , Gs^Fmf      , Gs^Fmf      , Gg          , Gg          , Gs^Fdf      , Gs^Fmf      , Gs^Fdf      , Gg          , Gg          , Gs^Fdf      , Gg          , Gs^Fmf      , Gs^Fdf      , Gs^Fmf      , Gs^Fdf      , Gs^Fdf      , Gs^Fdf      
Gs^Fmf      , Gs^Fmf      , Gg          , Gs^Fmf      , Gs^Fmf      , Gs^Fmf      , Gs^Fmf      , Gs^Fdf      , Gg          , Gg          , Gs^Fmf      , Gs^Fdf      , Gs^Fmf      , Gg          , Gs^Fdf      , Gs^Fdf      , Gs^Fmf      , Gg          , Gg          , Gs^Fdf      , Gg          , Gs^Fdf      , Gs^Fmf      , Gs^Fmf      , Gs^Fmf      , Gs^Fdf      , Gs^Fdf      , Gs^Fdf      
Gs^Fmf      , Gs^Fmf      , Gs^Fdf      , Gg          , Gs^Fdf      , Gs^Fmf      , Gs^Fmf      , Gs^Fmf      , Gs^Fmf      , Gs^Fmf      , Gs^Fmf      , Gs^Fmf      , Gg          , Gg          , Gs^Fdf      , Gs^Fmf      , Gs^Fdf      , Gs^Fdf      , Gs^Fdf      , Gg          , Gs^Fmf      , Gs^Fmf      , Gs^Fdf      , Gs^Fmf      , Gs^Fmf      , Gs^Fmf      , Gs^Fdf      , Gs^Fdf      
Gs^Fdf      , Gs^Fmf      , Gs^Fdf      , Gs^Fmf      , Gg          , Gs^Fmf      , Gs^Fdf      , Gs^Fdf      , Gs^Fdf      , Gs^Fdf      , Gs^Fdf      , Gs^Fdf      , Gg          , Gg          , Gs^Fdf      , Gs^Fmf      , Gg          , Gs^Fdf      , Gs^Fmf      , Gg          , Gg          , Gs^Fmf      , Gs^Fmf      , Gs^Fmf      , 5 Gs^Fmf    , Gs^Fmf      , Gs^Fdf      , Gs^Fdf      
Gs^Fdf      , Gs^Fdf      , Gs^Fdf      , Gg          , 4 Gs^Fdf    , Gs^Fdf      , Gs^Fdf      , Gs^Fmf      , Gg          , Gs^Fmf      , Gs^Fdf      , Gs^Fdf      , Gs^Fdf      , Gg          , Gs^Fmf      , Gs^Fmf      , Gg          , Gs^Fmf      , Gg          , Gg          , Gg          , Gs^Fdf      , Gs^Fdf      , Gs^Fdf      , Gs^Fmf      , Gs^Fmf      , Gs^Fdf      , Gs^Fdf      
Gs^Fdf      , Gs^Fdf      , Gg          , Gs^Fdf      , Gg          , Gs^Fdf      , Gg          , Gs^Fmf      , Gg          , Gs^Fdf      , Gs^Fdf      , Gs^Fdf      , Gs^Fdf      , Gg          , Gs^Fdf      , Gs^Fdf      , Gs^Fdf      , Gg          , Gs^Fdf      , Gs^Fdf      , Gs^Fdf      , Gg          , Gg          , Gs^Fdf      , Gs^Fdf      , Gs^Fdf      , Gg          , Gg          
Gg          , Gg          , Gg          , Gg          , Gs^Fdf      , Gg          , Gs^Fdf      , Gg          , Gg          , Gg          , Gg          , Gg          , Gg          , Gs^Fmf      , Gs^Fmf      , Gg          , Gs^Fdf      , Gg          , Gs^Fdf      , Gs^Fdf      , Gg          , Gs^Fdf      , Gg          , Gs^Fdf      , Gg          , Gs^Fdf      , Gg          , Gs^Fmf      
Gg          , Gg          , Gs^Fdf      , Gs^Fdf      , Gs^Fdf      , Gs^Fdf      , Gg          , Gg          , Gg          , Gg          , Gg          , Gs^Fmf      , Gs^Fmf      , Gg          , Gg          , Gg          , Gg          , Gg          , Gg          , Gg          , Gs^Fdf      , Gg          , Gs^Fdf      , Gg          , Gg          , Gg          , Gg          , Gs^Fmf      
Gs^Fdf      , Gg          , Gg          , Gs^Fdf      , Gg          , Gg          , Gs^Fdf      , Gs^Fmf      , Gg          , Gs^Fmf      , Gs^Fmf      , Gs^Fmf      , Gs^Fdf      , Gs^Fdf      , Gg          , Gg          , Gg          , Gg          , Gg          , Gg          , Gg          , Gs^Fdf      , Gs^Fdf      , Gs^Fdf      , Gs^Fmf      , Gg          , Gg          , Gs^Fmf      
Gs^Fdf      , Gs^Fdf      , Gs^Fdf      , Gg          , Gg          , Gs^Fdf      , Gg          , Gg          , Gs^Fmf      , Gs^Fmf      , Gs^Fmf      , Gs^Fmf      , Gg          , Gg          , Gg          , Gg          , Gs^Fdf      , Gg          , Gg          , Gs^Fdf      , Gs^Fdf      , Gg          , Gg          , Gs^Fdf      , Gg          , Gg          , Gs^Fmf      , Gs^Fmf      
Gs^Fdf      , Gs^Fdf      , Gg          , Gg          , Gg          , Gg          , Gs^Fdf      , Gs^Fdf      , Gs^Fmf      , Gs^Fmf      , Gs^Fdf      , Gg          , Gg          , Gg          , Gs^Fdf      , Gs^Fdf      , Gs^Fdf      , Gs^Fdf      , Gg          , Gg          , Gs^Fdf      , Gs^Fdf      , Gs^Fdf      , Gg          , Gg          , Gs^Fmf      , Gs^Fmf      , Gs^Fmf      
Gs^Fdf      , Gs^Fdf      , Gs^Fdf      , Gg          , Gg          , Gs^Fdf      , Gs^Fdf      , Gs^Fdf      , Gs^Fmf      , Gs^Fmf      , Gs^Fdf      , Gg          , Gg          , Gs^Fdf      , Gs^Fdf      , Gg          , Gg          , Gs^Fdf      , Gg          , Gg          , Gs^Fdf      , Gs^Fdf      , Gs^Fdf      , Gg          , Gs^Fdf      , Gs^Fmf      , Gg          , Gs^Fmf      
Gs^Fdf      , Gg          , Gs^Fdf      , Gs^Fdf      , Gg          , Gs^Fdf      , Gs^Fmf      , Gs^Fmf      , Gs^Fmf      , Gg          , Gs^Fdf      , Gs^Fdf      , Gg          , Gg          , Gs^Fdf      , Gs^Fdf      , Gs^Fdf      , Gs^Fdf      , Gs^Fdf      , Gg          , Gs^Fmf      , Gs^Fdf      , Gg          , Gg          , Gg          , Gg          , Gs^Fdf      , Gg          
Gs^Fdf      , Gs^Fdf      , Gg          , Gg          , Gg          , Gg          , Gs^Fmf      , Gs^Fmf      , Gs^Fmf      , Gs^Fdf      , Gs^Fdf      , Gs^Fdf      , Gs^Fdf      , Gg          , Gs^Fdf      , Gs^Fdf      , Gs^Fdf      , Gs^Fdf      , Gs^Fdf      , Gs^Fmf      , Gs^Fdf      , Gs^Fmf      , Gg          , Gg          , Gg          , Gg          , Gs^Fmf      , Gg          
Gg          , Gg          , Gs^Fdf      , Gg          , Gs^Fdf      , Gs^Fdf      , Gg          , Gs^Fdf      , Gg          , Gs^Fmf      , Gs^Fdf      , Gs^Fdf      , Gg          , Gg          , Gs^Fdf      , Gg          , Gs^Fdf      , Gs^Fdf      , Gg          , Gs^Fmf      , Gg          , Gg          , Gs^Fdf      , Gs^Fdf      , Gg          , Gs^Fmf      , Gg          , Gs^Fmf      
Gg          , Gg          , Gs^Fdf      , Gs^Fdf      , Gs^Fdf      , Gs^Fdf      , Gs^Fmf      , Gg          , Gg          , Gs^Fdf      , Gg          , Gg          , Gs^Fdf      , Gs^Fdf      , Gs^Fdf      , Gg          , Gg          , Gg          , Gg          , Gg          , Gs^Fdf      , Gs^Fdf      , Gs^Fdf      , Gg          , Gs^Fdf      , Gs^Fdf      , Gs^Fmf      , Gs^Fmf      
Gs^Fmf      , Gg          , Cv          , Gs^Fdf      , Gs^Fdf      , Gs^Fmf      , Gs^Fdf      , Gs^Fmf      , Gg          , Gg          , Gs^Fmf      , Gs^Fmf      , Gs^Fdf      , Gs^Fdf      , Gs^Fdf      , Gs^Fdf      , Gg          , Gg          , Gs^Fmf      , Gs^Fdf      , Gs^Fdf      , Gs^Fdf      , Gs^Fdf      , Gg          , Gs^Fdf      , Gs^Fdf      , Gs^Fmf      , Gs^Fmf      
Gg          , Gg          , Gs^Fdf      , Gg          , Gg          , Gs^Fmf      , Gs^Fdf      , Gs^Fdf      , Gs^Fmf      , Gs^Fdf      , Gs^Fmf      , Gs^Fdf      , Gs^Fmf      , Gs^Fdf      , Gs^Fdf      , Gs^Fdf      , Gg          , Gs^Fdf      , Gs^Fdf      , Gs^Fdf      , Gs^Fdf      , Gs^Fdf      , Gs^Fds      , Gg          , Gs^Fdf      , Gs^Fdf      , Gg          , Gg          
Gg          , Gg          , Gs^Fdf      , Gs^Fdf      , Gg          , Gg          , Gg          , Gg          , Gg          , Gg          , Cv          , Gs^Fmf      , Gs^Fdf      , Gs^Fmf      , Gs^Fmf      , Gs^Fmf      , Gg          , Gs^Fmf      , Gs^Fmf      , Gs^Fds      , Gs^Fdf      , Gs^Fdf      , Gs^Fdf      , Gg          , Gs^Fdf      , Gs^Fdf      , Gg          , Gg          
Gg          , Gg          , Gs^Fmf      , Gs^Fmf      , Gs^Fdf      , Gs^Fmf      , Gs^Fdf      , Gs^Fdf      , Gs^Fdf      , Gg          , Gs^Fdf      , Gs^Fdf      , Gs^Fdf      , Gs^Fdf      , Gg          , Gg          , Gg          , Gg          , Gs^Fdf      , Gg          , Gg          , Gs^Fds      , Gg          , Gg          , Gs^Fdf      , Gg          , Gg          , Gg          
Gs^Fdf      , Gg          , Gs^Fdf      , Gs^Fmf      , Gs^Fmf      , Gs^Fmf      , Gs^Fmf      , Gs^Fdf      , Gg          , Gg          , Gg          , Gs^Fdf      , Gg          , Gs^Fmf      , Gs^Fmf      , Gs^Fdf      , Gg          , Gg          , Gs^Fdf      , Gs^Fdf      , Cv          , Gs^Fdf      , Gs^Fdf      , Gg          , Gg          , Gg          , Gg          , Gg          
Gs^Fdf      , Gs^Fdf      , Gs^Fmf      , Gs^Fmf      , Gs^Fdf      , Gs^Fdf      , Gs^Fmf      , Gs^Fmf      , Gs^Fmf      , Gg          , Gg          , Gs^Fdf      , Gs^Fmf      , Gs^Fmf      , Gs^Fmf      , Gs^Fdf      , Gg          , Gg          , Gg          , Gs^Fdf      , Gs^Fdf      , Gs^Fdf      , Gs^Fdf      , Gs^Fdf      , Gg          , Gs^Fdf      , Gg          , Gg          
Gs^Fdf      , Gs^Fdf      , Gs^Fdf      , Gs^Fdf      , Gs^Fdf      , Gs^Fdf      , Gs^Fmf      , Gs^Fmf      , Gs^Fmf      , Gg          , Gs^Fdf      , Gs^Fdf      , Gs^Fdf      , Gs^Fmf      , Gs^Fdf      , Gs^Fdf      , Cv          , Gg          , Gs^Fdf      , Gg          , Gg          , Gs^Fmf      , Gs^Fdf      , Cv          , Gg          , Gs^Fdf      , Gg          , Gg          
Gg          , Gs^Fdf      , Gg          , Gs^Fdf      , Gg          , Gs^Fmf      , Gg          , Gs^Fmf      , Gg          , Gg          , Gs^Fdf      , Gs^Fdf      , Gg          , Gs^Fdf      , Gg          , Gg          , Gg          , Gg          , Gs^Fdf      , Gs^Fdf      , Gg          , Gg          , Gg          , Gs^Fdf      , Gg          , Gg          , Gg          , Gg          
Gg          , Gg          , Gg          , Gg          , Gg          , Gg          , Gs^Fdf      , Gg          , Gg          , Gs^Fdf      , Gs^Fmf      , Gg          , Gg          , Gg          , Gg          , Gg          , Gs^Fdf      , Gs^Fdf      , Gg          , Gs^Fdf      , Gg          , Gg          , Gg          , Gg          , Gg          , Gg          , Gg          , Gg          
Gg          , Gg          , Gg          , Gg          , Gg          , Gs^Fmf      , Gg          , Gg          , Gg          , Gg          , Gg          , Gg          , Gg          , Gg          , Gg          , Gs^Fds      , Gs^Fdf      , Gs^Fmf      , Gs^Fds      , Gs^Fdf      , Gg          , Gg          , Gg          , Gg          , Gg          , Gg          , Gg          , Gg          
Gg          , Gg          , Gg          , Gg          , Gg          , Gg          , Gs^Fdf      , Gs^Fdf      , Gs^Fdf      , Gg          , Gg          , Gg          , Gg          , Gg          , Gg          , Gg          , Gg          , Gg          , Gs^Fdf      , Gg          , Gg          , Gg          , Gs^Fdf      , Gg          , Gg          , Gg          , Gg          , Gg          
Gg          , Gg          , Gg          , Gg          , Gg          , Gg          , Gg          , Gs^Fdf      , Gg          , Gg          , Gg          , Gg          , Gg          , Gg          , Gg          , Gg          , Gg          , Gs^Fdf      , Gg          , Gs^Fdf      , Gs^Fmf      , Gs^Fdf      , Cv          , Gg          , Gg          , Gg          , Gg          , Gg          
Gg          , Gg          , Gg          , Gg          , Gg          , Gg          , Gg          , Gg          , Gg          , Gg          , Gg          , Gg          , Gg          , Gg          , Gg          , Gg          , Gg          , Gs^Fdf      , Gs^Fmf      , Gs^Fdf      , Gs^Fdf      , Gs^Fds      , Gg          , Gg          , Gg          , Gg          , Gg          , Gg          
Gg          , Gg          , Gg          , Gg          , Gg          , Gg          , Gg          , Gg          , Gg          , Gg          , Gg          , Gg          , Gg          , Gg          , Gg          , Gg          , Gg          , Gs^Fds      , Gs^Fdf      , Gs^Fdf      , Gg          , Gg          , Gg          , Gg          , Gg          , Gg          , Gg          , Gg          
Gg          , Gg          , Gg          , Gg          , Gg          , Gg          , Gg          , Gg          , Gg          , Gg          , Gg          , Gg          , Gg          , Gg          , Gg          , Gg          , Gg          , Gg          , Gg          , Gg          , Gg          , Gg          , Gg          , Gg          , Gg          , Gg          , Gg          , Gg          
Gg          , Gg          , 3 Gg        , Gg          , Ce          , Gg          , Gg          , Gg          , Gg          , Gg          , Gg          , Gg          , Gg          , Gg          , Gg          , Gg          , Gg          , Gg          , Gg          , Gg          , Gg          , Gg          , Gg          , Gg          , Gg          , Gg          , Gg          , Gg          
Gg          , Gg          , Re^Vct      , Ce          , 1 Ke        , Ce          , Gg          , Gg          , Gg          , Gg          , Gg          , Gg          , Gg          , Gg          , Gg          , Gg          , Gg          , Gg          , Gg          , Gg          , Gg          , Gg          , Gg          , Gg          , Gg          , Gg          , Gg          , Gg          
Gg          , Gg          , Gg          , Ce          , Ce          , Ce          , 2 Gg        , Gg          , Gg          , Gg          , Gg          , Gg          , Gg          , Gg          , Gg          , Gg          , Gg          , Gg          , Gg          , Gg          , Gg          , Gg          , Gg          , Gg          , Gg          , Gg          , Gg          , Gg          
Gg          , Gg          , Gg          , Re^Vct      , Gg          , Re^Vct      , Gg          , Gg          , Gg          , Gg          , Gg          , Gg          , Gg          , Gg          , Gg          , Gg          , Gg          , Gg          , Gg          , Gg          , Gg          , Gg          , Gg          , Gg          , Gg          , Gg          , Gg          , Gg          
Gg          , Gg          , Gg          , Gg          , Gg          , Gg          , Gg          , Gg          , Gg          , Gg          , Gg          , Gg          , Gg          , Gg          , Gg          , Gg          , Gg          , Gg          , Gg          , Gg          , Gg          , Gg          , Gg          , Gg          , Gg          , Gg          , Gg          , Gg          
