border_size=1
usage=map

Ql          , Ql          , Ql          , Ql          , Ql          , Ql          , Ql          , Ql          , Ql          , Xu          , Xu          , Xu          , Xu          , Xu          , Xu          , Xu          , Xu          , Xu          , Xu          , Xu          , Xu          , Xu          , Xu          , Qlf         , Qlf         , Xu          , Xu          , Xu          , Xu          , Uu          , Uu          , Uu          , Uh          , Uu          , Uu          , Uu          , Uu          
Ql          , Ql          , Ql          , Ql          , Ql          , Ql          , Ql          , Ql          , Ql          , Ql          , Ql          , Xu          , Xu          , Xu          , Xu          , Xu          , Xu          , Xu          , Xu          , Xu          , Xu          , Xu          , Xu          , Xu          , Qlf         , Xu          , Qlf         , Xu          , Uu          , Uu          , Uh          , Uh          , Uh          , Uh          , Uh          , Uu          , Uu          
Ql          , Ql          , Ql          , Ql          , Ql          , Ql          , Ql          , Ql          , Ql          , Ql          , Ql          , Xu          , Xu          , Xu          , Xu          , Xu          , Xu          , Xu          , Xu          , Xu          , Xu          , Xu          , Xu          , Xu          , Xu          , Qlf         , Qlf         , Uu          , Uh          , Uh          , Uh          , Uh          , Uu^Vud      , Uh          , Uh          , Uh          , Uh          
Ql          , Ql          , Ql          , Ql          , Ql          , Ql          , Ql          , Ql          , Ql          , Ql          , Ql          , Ql          , Xu          , Xu          , Xu          , Xu          , Xu          , Xu          , Xu          , Xu          , Xu          , Xu          , Xu          , Xu          , Xu          , Qlf         , Qlf         , Uu          , Uh          , Uh          , Cud         , Cud         , 2 Kud       , Cud         , Cud         , Uh          , Uh          
Ql          , Ql          , Ql          , Ql          , Ql          , Ql          , Ql          , Ql          , Ql          , Ql          , Ql          , Ql          , Xu          , Xu          , Xu          , Xu          , Xu          , Xu          , Xu          , Xu          , Xu          , Xu          , Xu          , Xu          , Xu          , Qlf         , Qlf         , Uu^Vu       , Uh          , Uh          , Uh          , Cud         , Uu^Vud      , Cud         , Uh          , Uh          , Uh          
Ql          , Ql          , Ql          , Ql          , Ql          , Ql          , Ql          , Ql          , Ql          , Ql          , Ql          , Ql          , Ql          , Xu          , Xu          , Xu          , Xu          , Xu          , Xu          , Xu          , Xu          , Xu          , Xu          , Xu          , Xu          , Qlf         , Qlf         , Uu          , Uu          , Uh          , Uh          , Uh          , Uh          , Uh          , Uh          , Uh          , Uu          
Ql          , Ql          , Ql          , Ql          , Ql          , Ql          , Ql          , Ql          , Ql          , Ql          , Ql          , Ql          , Ql          , Xu          , Xu          , Xu          , Xu          , Xu          , Xu          , Xu          , Xu          , Xu          , Xu          , Xu          , Xu          , Xu          , Xu          , Ql          , Ql          , Uu          , Uu          , Uh          , Uh          , Uh          , Uu^Vu       , Re          , Re          
Ql          , Ql          , Ql          , Ql          , Ql          , Ql          , Ql          , Ql          , Ql          , Ql          , Ql          , Ql          , Ql          , Xu          , Xu          , Xu          , Xu          , Xu          , Xu          , Xu          , Xu          , Xu          , Xu          , Xu          , Xu          , Xu          , Ql          , Ql          , Ql          , Uu          , Ql          , Uu          , Uu          , Uu          , Uu          , Re          , Uu          
Ql          , Ql          , Ql          , Ql          , Uu          , Uu          , Uu          , Ql          , Ql          , Ql          , Ql          , Ql          , Ql          , Ql          , Ql          , Xu          , Xu          , Xu          , Xu          , Xu          , Xu          , Xu          , Uu          , Uu          , Uu          , Ql          , Ql          , Ql          , Ql          , Uu          , Uu          , Ql          , Ql^Bs/      , Uu          , Uu          , Uu          , Ql          
Ql          , Ql          , Uu          , Ql          , Uu          , Uu          , Uu          , Ql          , Uu          , Uu          , Uu          , Ql          , Ql          , Ql          , Ql          , Xu          , Xu          , Xu          , Xu          , Re          , Uu          , Re          , Uu          , Uu          , Uu          , Uu          , Uu          , Uu          , Uu          , Ql          , Ql^Bs/      , Uu          , Uu          , Ql^Bs/      , Ql          , Uu          , Uu          
Uu          , Uu          , Uu          , Uu          , Uu          , Uu          , Uu          , Uu          , Uu          , Uu          , Uu          , Uu          , Uu          , Ql          , Ql          , Ql          , Xu          , Xu          , Re          , Re          , Re          , Re          , Uu          , Xu          , Uu          , Xu          , Qlf         , Uu          , Qlf         , Uu          , Uu          , Ql^Bs/      , Ql          , Ql          , Ql          , Uu          , Ql          
Ur          , Uu          , Uu          , Uu          , Uu^Vu       , Uu          , Uu          , Xu          , Uu          , Uu          , Re          , Re          , Uu          , Uu          , Uu          , Ql          , Xu          , Xu          , Re          , Re          , Re          , Uu          , Uu          , Xu          , Uu          , Qlf         , Qlf         , Qlf         , Uu          , Qlf         , Uu          , Uu          , Ql          , Ql          , Ql          , Uu          , Ql          
Uu          , Ur          , Cud         , Cud         , Cud         , Uu          , Uu          , Uu          , Uu          , Re          , Re          , Uu          , Uu          , Uu          , Uu          , Ql          , Xu          , Ql          , Ql          , Re          , Ql          , Uu          , Xu          , Xu          , Uu^Vu       , Qlf         , Uu          , Uu          , Uu          , Uu          , Uu          , Ql          , Ql          , Ql          , Ql          , Uu          , Uu          
Uu          , Uu^Vu       , Cud         , 4 Kud       , Cud         , Uu          , Uu          , Uu          , Xu          , Re          , Re          , Uu          , Xu          , Uu          , Uu          , Ql          , Ql          , Ql          , Ql          , Ql          , Ql          , Ql          , Ql          , Xu          , Uu          , Uu          , Uu          , Uh          , Uh          , Uu          , Ql          , Ql          , Xu          , Xu          , Ql          , Ql          , Ql          
Uu          , Uu          , Uu          , Cud         , Uu^Vu       , Uu          , Uu          , Uu          , Uu          , Uu          , Re          , Re          , Uu          , Uu          , Uu          , Uu          , Ql^Bs\      , Ql          , Xu          , Xu          , Xu          , Ql          , Ql^Bs/      , Uu          , Uu          , Xu          , Uu          , Uh          , Uu          , Uu          , Xu          , Xu          , Xu          , Xu          , Xu          , Ql          , Ql          
Uu          , Uu          , Uu          , Ur          , Uu          , Uu          , Re          , Re          , Re          , Re          , Uu          , Re          , Uu          , Uu          , Ql^Bs\      , Ql          , Uu          , Uu          , Ql          , Xu          , Ql          , Uu          , Uu          , Ql          , Ql^Bs/      , Uu          , Uu          , Uh          , Uu          , Xu          , Xu          , Xu          , Xu          , Xu          , Xu          , Xu          , Xu          
Uu          , Uu          , Uu          , Ur          , Uu          , Uu          , Re          , Uu          , Uu          , Uu          , Uu          , Uu          , Ql^Bs\      , Ql          , Uu          , Uu          , Ql^Bs\      , Ql          , Uu          , Qlf         , Uu          , Ql          , Ql^Bs/      , Uu          , Uu          , Ql          , Ql^Bs/      , Uu          , Ql          , Xu          , Xu          , Xu          , Xu          , Xu          , Xu          , Xu          , Xu          
Uu          , Uu          , Uu          , Ur          , Uu          , Uu          , Uu          , Uu          , Uu          , Uu          , Cud         , Ql          , Ql          , Uu          , Uu          , Ql          , Uu          , Uu          , Uu          , Uu          , Uu          , Uu          , Uu          , Ql          , Uu          , Uu          , Ql          , Ql          , Xu          , Xu          , Xu          , Xu          , Xu          , Xu          , Xu          , Xu          , Xu          
Ur          , Uu          , Cud         , Ur          , Ur          , Uu^Vud      , Uu          , Uu          , Uu          , Uu          , Cud         , Cud         , Ql          , Ql          , Uu          , Ql          , Uu          , Qlf         , Uu          , Uu^Xo       , Uu          , Qlf         , Uu          , Ql          , Uu          , Ql          , Ql          , Ql          , Xu          , Xu          , Xu          , Xu          , Xu          , Xu          , Xu          , Xu          , Xu          
Uu          , Ur          , Ur          , Ur          , Ur          , Ur          , Ur          , Cud         , Cud         , Uu          , Uu          , Ql          , Ql^Bs/      , Uu          , Uu          , Ql          , Ql^Bs/      , Uu          , Uu          , Uu          , Uu          , Uu          , Ql^Bs\      , Ql          , Uu          , Uu          , Ql^Bs\      , Xu          , Xu          , Xu          , Xu          , Xu          , Xu          , Xu          , Xu          , Xu          , Xu          
Uu          , 1 Cud       , Ur          , Ur          , Ur          , Ur          , Ur          , Ur          , Cud         , Uu          , Uu          , Uu          , Uu          , Ql          , Ql^Bs/      , Uu          , Uu          , Ql          , Ql          , Qlf         , Ql          , Ql          , Uu          , Uu          , Ql^Bs\      , Ql          , Uu          , Uu          , Uu          , Uu          , Uu          , Uu          , Uu          , Xu          , Xu          , Xu          , Xu          
Ur          , Ur          , Cud         , Ur          , Ur          , Ur          , Uu          , Cud         , Uu          , Uu          , Uu          , Uu          , Uu          , Uu          , Uu          , Ql          , Ql^Bs/      , Uu          , Xu          , Xu          , Xu          , Uu          , Ql^Bs\      , Ql          , Uu          , Uu          , Uu          , Re          , Uu          , Uu          , Uu          , Uu          , Uu          , Xu          , Xu          , Xu          , Xu          
Uu          , Uu          , Uu          , Ur          , Uu          , Uu^Vud      , Re          , Re          , Uu^Uf       , Uu          , Ql          , Uu          , Uu          , Uu          , Ql          , Uu          , Ql          , Ql          , Ql          , Xu          , Ql          , Ql          , Ql          , Uu          , Xu          , Uu          , Xu          , Xu          , Xu          , Xu          , Re          , Xu          , Uu          , Xu          , Xu          , Xu          , Xu          
Uu          , Uu          , Uu          , Ur          , Uu          , Uu          , Re          , Re          , Uu^Uf       , Uu          , Ql          , Ql          , Ql          , Ql          , Ql          , Ql          , Ql          , Ql          , Ql          , Ql          , Ql          , Ql          , Xu          , Xu          , Xu          , Xu          , Xu          , Xu          , Uu          , Re          , Uu          , Uu          , Xu          , Uu          , Uu          , Xu          , Xu          
Uu          , Uu          , Uu          , Ur          , Uu^Vu       , Re          , Re          , Uu^Uf       , Uu^Uf       , Uu^Uf       , Uu          , Uu          , Uu          , Ql          , Ql          , Ql          , Ql          , Ql          , Ql          , Ql          , Ql          , Ql          , Xu          , Xu          , Xu          , Xu          , Xu          , Xu          , Uu          , Xu          , Xu          , Xu          , Xu          , Xu          , Uu          , Xu          , Xu          
Uu          , Uu          , Cud         , Cud         , Cud         , Uu          , Uu          , Uu^Uf       , Uh          , Uh          , Re          , Uu          , Uu          , Ql          , Ql          , Ql          , Ql          , Ql          , Ql          , Ql          , Ql          , Xu          , Xu          , Xu          , Xu          , Xu          , Xu          , Uu          , Uu^Vu       , Uu          , Uu          , Uu^Vu       , Xu          , Xu          , Xu          , Uu          , Uu          
Uu          , Uu^Vu       , Cud         , 5 Kud       , Cud         , Uu          , Re          , Uh          , Re          , Re          , Re          , Uu          , Uu          , Ql          , Ql          , Ql          , Ql          , Ql          , Ql          , Xu          , Xu          , Xu          , Xu          , Xu          , Xu          , Xu          , Xu          , Xu          , Qlf         , Uu          , Uu          , Uu          , Uu          , Xu          , Xu          , Xu          , Xu          
Ur          , Ur          , Uu          , Cud         , Uu^Vu       , Uu          , Re          , Re          , Uh          , Uu          , Uu          , Uu          , Ql          , Ql^Bs\      , Uu          , Ql          , Ql          , Ql          , Xu          , Xu          , Xu          , Xu          , Xu          , Xu          , Xu          , Xu          , Xu          , Xu          , Xu          , Qlf         , Uu          , Uu          , Uu          , Uu^Vu       , 3 Kud       , Xu          , Uu^Vu       
Uu          , Uu          , Uu          , Re          , Re          , Re          , Uh          , Uh          , Uh          , Uh          , Uu          , Uu          , Ql          , Ql          , Ql^Bs|      , Ql          , Ql          , Xu          , Xu          , Xu          , Xu          , Xu          , Xu          , Xu          , Xu          , Xu          , Xu          , Xu          , Xu          , Qlf         , Uu          , Uu          , Uu^Vu       , Cud         , Uu^Vu       , Uu^Vu       , Cud         
Uu          , Uu          , Uu          , Re          , Uh          , Uh          , Uh          , Uh          , Uh          , Uu          , Ql          , Ql          , Ql          , Ql          , Uu          , Ql          , Uu^Vu       , Xu          , Xu          , Xu          , Xu          , Xu          , Xu          , Xu          , Xu          , Xu          , Xu          , Xu          , Xu          , Qlf         , Qlf         , Uu          , Uu          , Cud         , Cud         , Cud         , Uu          
Uu          , Uu          , Uh          , Uh          , Uh          , Uh          , Uh          , Uh          , Uu          , Uu          , Ql          , Ql          , Ql          , Ql          , Uu          , Uu          , Uu^Vu       , Xu          , Xu          , Xu          , Xu          , Xu          , Xu          , Xu          , Xu          , Xu          , Xu          , Xu          , Xu          , Qlf         , Qlf         , Uu          , Uu          , Uu          , Uu          , Uu^Vu       , Uu          
Uu          , Uh          , Uh          , Uh          , Uu          , Uh          , Uu          , Uh          , Ql          , Ql          , Ql          , Ql          , Ql          , Xu          , Uu          , Uu          , Uu          , Xu          , Xu          , Xu          , Xu          , Xu          , Xu          , Xu          , Xu          , Xu          , Xu          , Xu          , Xu          , Qlf         , Qlf         , Qlf         , Qlf         , Uu          , Uu          , Uu          , Uu          
