border_size=1
usage=map

Ww          , Ww          , Ww          , Xu          , Xu          , Xu          , Xu          , Xu          , Uh          , Cud         , Cud         , Cud         , Xu          , Xu          , Xu          , Xu          , Ql          , Ql          , Ql          , Ql          , Ql          , Ql          , Ql          , Ql          
Ww          , Wo^Cov      , 4 Wo^Kov    , Wo          , Uu^Vu       , Xu          , Xu          , Xu          , Uh          , Cud         , 3 Kud       , Cud         , Uu^Vu       , Xu          , Xu          , Xu          , Ql          , Ql          , Ql          , Ql^Cov      , 6 Ql^Kov    , Ql          , Uu^Vu       , Ql          
Xu          , Wo          , Wo          , Wo          , Uu^Tf       , Uu^Tf       , Xu          , Xu          , Uu          , Cud         , Cud         , Cud         , Uu          , Xu          , Ql          , Ql          , Ql          , Ql          , Ql          , Ql          , Ql          , Ql          , Ql          , Ql          
Qxu         , Ww          , Uu^Tf       , Ww          , Ww          , Uu^Tf       , Uu^Tf       , Xu          , Xu          , Ur          , Ur          , Ur          , Xu          , Xu          , Ql          , Ql          , Ql          , Ql          , Ql          , Ql          , Xu          , Ql          , Ql          , Ql          
Qxu         , Qxu         , Qxu         , Uu^Tf       , Uu^Tf       , Ww          , Ww^Ii       , Ur          , Xu          , Xu          , Xu          , Ur          , Xu          , Xu          , Ql          , Ql          , Ql          , Ql          , Ql          , Xu          , Xu          , Uu^Vu       , Xu          , Xu          
Qxu         , Qxu^Cov     , Qxu         , Qxu         , Qxu         , Uu^Tf       , Ww^Ii       , Uu^Tfi      , Uu^Tfi      , Uh          , Uh          , Xu          , Xu          , Xu          , Ql          , Ql          , Ql          , Xu          , Xu          , Xu          , Xu          , Xu          , Xu          , Xu          
Qxu         , 5 Qxu^Kov   , Qxu         , Qxu         , Qxu         , Qxu         , Xu          , Uu^Tfi      , Uu^Cov      , Uu^Cov      , Uu^Cov      , Uh          , Uh          , Ql          , Ql          , Ql          , Xu          , Xu          , Xu          , Xu          , Xu          , Xu          , Xu          , Xu          
Xu          , Qxu         , Uh          , Qxu         , Uh          , Qxu         , Xu          , Uu^Ii       , Uu^Cov      , Uu^Kov      , Uu^Cov      , Uu          , Uh          , Uh          , Uh          , Uh          , Xu          , Xu          , Uh          , Xu          , Xu          , Xu          , Xu          , Xu          
Xu          , Xu          , Uh          , Uh          , Uh          , Uh          , Uh          , Uu^Vu       , Uh          , Uh^Cov      , Uu          , Ur          , Ur          , Uh          , Uh          , Uh          , Uu^Vu       , Uh          , Uh          , Uh          , Uh^Cov      , 7 Uh^Kov    , Uh          , Xu          
Xu          , Xu          , Xu          , Uh          , Uh          , Uh          , Uh          , Uh          , Uh          , Uh          , Uu^Vu       , Xu          , Uh          , Ur          , Ur          , Ur          , Uh          , Uu          , Uu          , Uu          , Uu          , Uh          , Uu          , Xu          
Xu          , Xu          , Xu          , Xu          , Xu          , Uh          , Uh          , Uh          , Xu          , Xu          , Xu          , Xu          , Xu          , Xu          , Xu          , Xu          , Uu^Vu       , Uh          , Uh          , Uu          , Uu          , Uu          , Uu          , Xu          
Xu          , Uu^Vu       , Qlf         , Xu          , Xu          , Xu          , Xu          , Xu          , Xu          , Xu          , Xu          , Xu          , Xu          , Xu          , Xu          , Xu          , Ur          , Ur          , Xu          , Xu          , Xu          , Xu          , Uu          , Xu          
Qlf         , Qlf         , Qlf         , Qlf         , Qlf         , Qlf         , Qlf         , Qlf         , Qlf         , Qlf         , Qlf         , Xu          , Qlf         , Xu          , Xu          , Xu          , Ur          , Ur          , Xu          , Xu          , Uu          , Uu^Vu       , Uu          , Xu          
Xu          , Xu          , Xu          , Qlf         , Xu          , Qlf         , Xu          , Qlf         , Xu          , Qlf         , Qlf         , Qlf         , Qlf         , Qlf         , Qlf         , Qlf         , Ur          , Ur          , Ur          , Uu          , Uu          , Uu          , Uu          , Xu          
Xu          , Xu          , Xu          , Xu          , Xu          , Xu          , Xu          , Xu          , Xu          , Xu          , Xu          , Qlf         , Qlf         , Qlf         , Qlf         , Qlf         , Ur          , Ur          , Qlf         , Uu          , Uu          , Uu          , Uu          , Xu          
Xu          , Xu          , Xu          , Xu          , Xu          , Xu          , Xu          , Xu          , Xu          , Xu          , Xu          , Xu          , Xu          , Qlf         , Uu          , Xu          , Ur^Cov      , Qlf^Cov     , Qlf         , Uu          , Uu          , Uu          , Xu          , Xu          
Qxu         , Qxu         , Qxu         , Uu^Vu       , Qxu         , Qxu         , Qxu         , Qxu         , Qxu         , Qxu         , Qxu         , Xu          , Xu          , Xu          , Uu^Vu       , Uu          , Ur^Kov      , Qlf^Cov     , Qlf         , Xu          , Xu          , Xu          , Qlf         , Xu          
Xu          , Qxu         , Qxu         , Qxu         , Qxu         , Qxu         , Qxu         , Qxu         , Xu          , Qxu         , Qxu         , Qxu         , Qxu         , Xu          , Ur          , Ur          , Ur          , Qlf^Cov     , Qlf         , Qlf         , Qlf         , Qlf         , Qlf         , Qlf         
Xu          , Xu          , Xu          , Xu          , Xu          , Xu          , Xu          , Xu          , Xu          , Xu          , Xu          , Qxu         , Qxu^Ba      , Qxu^Ba      , Qxu^Ba      , Ur          , Xu          , Xu          , Xu          , Qlf         , Qlf         , Qlf         , Qlf         , Qlf         
Xu          , Xu          , Xu          , Xu          , Xu          , Xu          , Xu          , Xu          , Xu          , Xu          , Uu          , Uu^Cov      , Ur^Kov      , Qxu^Ba      , Qxu^Ba      , Qxu^Ba      , Qxu         , Qxu         , Qxu         , Xu          , Qxu         , Qlf         , Qlf         , Qlf         
Ww          , Xu          , Xu          , Xu          , Xu          , Xu          , Xu          , Xu          , Xu          , Xu          , Ur          , Ur^Cov      , Uu^Cov      , Uu^Cov      , Xu          , Xu          , Xu          , Qxu         , Qxu         , Qxu         , Qxu         , Qxu         , Qxu         , Qlf         
Ww          , Ww          , Ww          , Xu          , Xu          , Xu          , Xu          , Xu          , Uu          , Ur          , Ur          , Ur          , Ur          , Xu          , Xu          , Xu          , Qxu         , Qxu         , Qxu         , Qxu         , Qxu         , Qxu         , Qxu         , Xu          
Ww          , Ww          , Ww          , Ww          , Ww          , Ww          , Ww          , Xu          , Xu          , Uu          , Uu^Tf       , Uu^Vu       , Uu^Tf       , Ur          , Uu          , Xu          , Xu          , Qxu         , Qxu         , Qxu         , Qxu         , Qxu         , Qxu         , Xu          
Xu          , Ww          , Ww          , Ww          , Ww          , Ww          , Ww          , Ww          , Ww          , Uu^Tf       , Ww          , Uu^Tf       , Uu^Tf       , Uu^Tf       , Uu^Tf       , Xu          , Xu          , Xu          , Xu          , Qxu         , Qxu         , Qxu         , Qxu         , Xu          
Xu          , Xu          , Xu          , Ww          , Ww          , Ww          , Ww          , Ww          , Ww          , Ww          , Ww          , Ww          , Ww          , Ur          , Ur          , Xu          , Qxu         , Qxu         , Qxu         , Qxu         , Qxu         , Qxu         , Qxu         , Qxu         
Xu          , Xu          , Xu          , Xu          , Xu          , Xu          , Xu          , Ww          , Ww          , Ww          , Ww          , Ww          , Ww          , Ww          , Ww          , Xu          , Qxu         , Qxu         , Qxu         , Qxu         , Qxu         , Qxu         , Qxu         , Qxu         
Xu          , Xu          , Xu          , Xu          , Xu          , Xu          , Xu          , Xu          , Xu          , Xu          , Xu          , Ww          , Ww          , Ww          , Ww          , Ww          , Ww          , Qxu         , Uu          , Qxu         , Qxu         , Qxu         , Qxu         , Qxu         
Qxu         , Xu          , Xu          , Xu          , Xu          , Xu          , Xu          , Xu          , Xu          , Xu          , Xu          , Xu          , Qxu         , Ww          , Ww          , Ww          , Ww          , Ww          , Uu^Tf       , Uu^Vu       , Qxu         , Qxu         , Qxu         , Qxu         
Qxu         , Qxu         , Qxu         , Xu          , Qxu         , Xu          , Xu          , Xu          , Xu          , Xu          , Qxu         , Qxu         , Qxu         , Ww          , Ww          , Ww          , Ww          , Ww          , Uu^Tf       , Qxu         , Qxu         , Qxu         , Qxu         , Qxu         
Qxu         , Qxu         , Qxu         , Qxu         , Qxu         , Qxu         , Qxu         , Qxu         , Qxu         , Qxu         , Qxu         , Qxu         , Wwf         , Ww          , Wwf^Cov     , Ww          , Wwf^Cov     , Wwf         , Uu^Tf       , Qxu         , Qxu         , Qxu         , Qxu         , Qxu         
Xu          , Qxu         , Qxu         , Qxu         , Xu          , Qxu         , Qxu         , Qxu         , Qxu         , Qxu         , Qxu         , Qxu         , Uu^Tf       , Wwf         , Uu^Tf       , Wwf^Cov     , Uu^Tf       , Uu^Tf       , Uu^Tf       , Qxu         , Qxu         , Qxu         , Qxu         , Qxu         
Xu          , Xu          , Xu          , Xu          , Xu          , Xu          , Xu          , Xu          , Ur          , Qxu         , Qxu         , Qxu         , Uu          , Uu^Tf       , Uu^Tf       , Uu^Kov      , Uu          , Uu^Vu       , Uu^Tf       , Qxu         , Qxu         , Qxu         , Qxu         , Qxu         
Xu          , Xu          , Xu          , Xu          , Xu          , Xu          , Re          , Re^Cov      , Uu^Kov      , Ur          , Uu          , Qxu         , Qxu         , Uu          , Uu          , Uu^Tf       , Ur          , Uu^Tf       , Ur          , Uu          , Uu          , Qxu         , Qxu         , Qxu         
Xu          , Xu          , Xu          , Xu          , Re          , Re          , Re          , Re^Cov      , Re^Cov      , Ur          , Ur          , Uu          , Ur          , Uu          , Ur          , Ur          , Ur          , Ur          , Ur          , Uu          , Uh          , Uh          , Qxu         , Qxu         
Xu          , Xu          , Xu          , Ur          , Xu          , Re          , Re          , Re          , Re          , Xu          , Xu          , Ur          , Xu          , Ur          , Uu^Vu       , Ur          , Ur          , Ur          , Uu          , Uh          , Uh          , Uh          , Uh          , Qxu         
Xu          , Xu          , Ur^Ii       , Ur^Ii       , Xu          , Re          , Re          , Re          , Xu          , Xu          , Xu          , Xu          , Xu          , Xu          , Xu          , Uu          , Uh          , Uh          , Uh          , Uh          , Uh          , Uh          , Uh          , Xu          
Ur          , Ur          , Xu          , Xu          , Xu          , Xu          , Xu          , Xu          , Xu          , Xu          , Xu          , Xu          , Xu          , Xu          , Xu          , Uh          , Uh          , Uh          , Uh          , Uh          , Uh          , Uh          , Uh          , Xu          
Xu          , Xu          , Xu          , Xu          , Xu          , Xu          , Xu          , Xu          , Xu          , Xu          , Xu          , Xu          , Xu          , Xu          , Xu          , Xu          , Xu          , Xu          , Xu          , Xu          , Xu          , Xu          , Xu          , Xu          
Xu          , Xu          , Xu          , Xu          , Xu          , Xu          , Xu          , Xu          , Xu          , Xu          , Xu          , Xu          , Xu          , Xu          , Xu          , Xu          , Uh          , Uh          , Uh          , Xu          , Xu          , Xu          , Xu          , Xu          
Xu          , Xu          , Xu          , Xu          , Xu          , Xu          , Xu          , Xu          , Xu          , Xu          , Xu          , Xu          , Xu          , Xu          , Xu          , Xu          , Uu          , Uu          , Uu          , Uu          , Cud         , Xu          , Xu          , Xu          
Xu          , Xu          , Xu          , Xu          , Xu          , Xu          , Xu          , Xu          , Xu          , Xu          , Xu          , Xu          , Xu          , Xu          , Xu          , Xu          , Uu          , Uu          , Rr          , Uu          , Cud         , Cud         , Cud         , Xu          
Xu          , Xu          , Xu          , Xu          , Xu          , Xu          , Xu          , Xu          , Xu          , Xu          , Xu          , Xu          , Cud         , Cud         , Cud         , Xu          , Rr          , Rr          , Rr          , Ur          , Ur          , Kud         , Cud         , Xu          
Xu          , Xu          , Xu          , Xu          , Xu          , Xu          , Xu          , Xu          , Xu          , Xu          , Xu          , Xu          , Cud         , 2 Kud       , Cud         , Rr          , Rr          , Rr          , Rr          , Rr          , Rr          , Ur          , Cud         , Xu          
Xu          , Xu          , Xu          , Xu          , Xu          , Xu          , Xu          , Xu          , Xu          , Xu          , Xu          , Xu          , Cud         , Cud         , Cud         , Rr          , Rr          , Rr          , Rr          , Rr          , Rr          , Ur          , Xu          , Xu          
Xu          , Xu          , Xu          , Xu          , Xu          , Xu          , Xu          , Xu          , Xu          , Xu          , Xu          , Xu          , Xu          , Cud         , Xu          , Rr          , Rr          , Rr          , Rr          , Rr          , Ur          , Ur          , Xu          , Xu          
Xu          , Xu          , Xu          , Xu          , Xu          , Xu          , Xu          , Xu          , Xu          , Xu          , Xu          , Xu          , Xu          , Xu          , Xu          , Xu          , Xu          , Rr          , Rr          , Ur          , Xu          , 1 Ur        , Xu          , Xu          
Xu          , Xu          , Xu          , Xu          , Xu          , Xu          , Xu          , Xu          , Xu          , Xu          , Xu          , Xu          , Xu          , Xu          , Xu          , Xu          , Xu          , Xu          , Xu          , Xu          , Xu          , Ur          , Xu          , Xu          
