border_size=1
usage=map

Mm^Xm       , Mm^Xm       , Mm^Xm       , Mm^Xm       , Mm^Xm       , Mm^Xm       , Mm^Xm       , Mm          , Mm          , Mm          , Mm          , Mm          , Mm          , Mm          , Hh^Fmf      , Hh          , Hh          , Gs^Fp       , Gs^Fp       , Gs^Fp       , Gs^Fp       , Gs^Fp       , Gs^Fp       , Gs^Fp       , Gs^Fp       , Gs^Fp       , Gs^Fp       
Mm^Xm       , Mm^Xm       , Mm^Xm       , Mm^Xm       , Mm^Xm       , Mm^Xm       , Mm          , Mm          , Mm          , Mm          , Mm          , Mm          , Hh          , Hh^Fmf      , Hh^Fmf      , Hh^Fmf      , Gs^Fmf      , Gs^Fp       , Gs^Fp       , Gs^Fp       , Gs^Fmf      , Gs^Fmf      , Gs^Fp       , Gs^Fmf      , Gs^Fp       , Gs^Fp       , Gs^Fp       
Mm^Xm       , Mm^Xm       , Mm^Xm       , Mm^Xm       , Mm          , Mm          , Mm          , Mm          , Mm          , Mm          , Xos         , Xos         , Xos         , Xos         , Xos         , Xos         , Xos         , Xos         , Xos         , Gs^Fdf      , Gg          , Gs^Fp       , Gg          , Gs^Fmf      , Gs^Fmf      , Gs^Fmf      , Gs^Fp       
Mm^Xm       , Mm^Xm       , Mm          , Mm          , Mm          , Mm          , Hh^Fmf      , Mm          , Hh^Fmf      , Xos         , Ur^Ii       , Ur^Ii       , Ur^Ii       , Ur^Ii       , Ur^Ii       , Ur^Ii       , Ur^Ii       , Ur^Ii       , Ur^Ii       , Xos         , Gg          , Gg          , Gg          , Gg          , Gs^Fmf      , Gs^Fmf      , Gs^Fp       
Mm^Xm       , Mm^Xm       , Mm          , Mm          , Hh          , Hh          , Hh^Fmf      , Hh^Fmf      , Hh^Fmf      , Xos         , Ur^Ii       , Ur^Ii       , Ur^Ii       , Ur^Ii       , 2 Ur^Kov    , Ur^Ii       , Ur^Ii       , Ur^Ii       , Ur^Ii       , Xos         , Rd          , Gg          , Gg          , Gg          , Gg          , Gs^Fmf      , Gs^Fp       
Mm          , Mm          , Mm          , Mm          , Hh          , Hh^Fmf      , Hh^Fmf      , Hh^Fmf      , Hh^Fdf      , Xos         , Ur^Ii       , Ur^Ii       , Ur^Ii       , Ur^Ii       , Ur^Ii       , Ur^Ii       , Ur^Ii       , Ur^Ii       , Ur^Ii       , Xos         , Gs^Fmf      , Gs^Fp       , Gs^Fmf      , Gg          , Gs^Fp       , Gs^Fmf      , Gs^Fp       
Mm          , Mm          , Mm          , Mm          , Hh          , Hh^Fmf      , Hh^Fmf      , Hh^Fdf      , Hh^Fdf      , Xos         , Ur^Ii       , Ur^Ii       , Ur^Ii       , Ur^Ii       , Ur^Ii       , Ur^Ii       , Ur^Ii       , Ur^Ii       , Ur^Ii       , Xos         , Gs^Fmf      , Gs^Fmf      , Gs^Fmf      , Gs^Fmf      , Gs^Fmf      , Gs^Fmf      , Gs^Fp       
Mm          , Mm          , Mm          , Mm          , Hh          , Hh^Fmf      , Hh          , Gs^Fmf      , Hh^Fdf      , Xos         , Xos         , Ur^Ii       , Ur^Ii       , Ur^Ii       , Ur^Ii       , Ur^Ii       , Ur^Ii       , Ur^Ii       , Xos         , Xos         , Gs^Fmf      , Gs^Fp       , Gg          , Gs^Fp       , Gs^Fp       , Gs^Fp       , Gs^Fp       
Mm          , Mm          , Mm          , Mm          , Hh          , Hh^Fmf      , Hh^Fdf      , Hh^Fdf      , Gs^Fmf      , Xos         , Ur^Ii       , Xos         , Xos         , Ur^Ii       , Ur^Xo       , Ur^Ii       , Xos         , Xos         , Ur^Ii       , Xos         , Gs^Fmf      , Gg          , Gg          , Gs^Fp       , Gs^Fp       , Gs^Fp       , Gg          
Ww          , Ww          , Ww          , Mm          , Hh^Vhh      , Hh^Fmf      , Hh^Fdf      , Hh^Fp       , Gs^Fmf      , Xos         , Ur^Ii       , Ur^Ii       , Ur^Ii       , Xos         , Ur^Ii       , Xos         , Ur^Ii       , Ur^Ii       , Ur^Ii       , Xos         , Gs^Fmf      , Gs^Fmf      , Gs^Fmf      , Gg          , Gg          , Gs^Fp       , Gg          
Mm          , Mm          , Mm          , Ww          , Hh^Fmf      , Hh^Fmf      , Gs^Fmf      , Hh^Fp       , Gs^Fmf      , Xos         , Ur^Ii       , Ur^Ii       , Ur^Ii       , Ur^Ii       , Ur^Ii       , Ur^Ii       , Ur^Ii       , Ur^Ii       , Ur^Ii       , Xos         , Gs^Fmf      , Gs^Fmf      , Gs^Fmf      , Gs^Fmf      , Gg          , Gg          , Gg          
Mm          , Mm          , Mm          , Ww          , Ww          , Hh^Fmf      , Gs^Fmf      , Gs^Fmf      , Gs^Xo       , Xos         , Xos         , Ur^Ii       , Ur^Ii       , Ur^Ii       , Ur^Ii       , Ur^Ii       , Ur^Ii       , Ur^Ii       , Xos         , Xos         , Gs^Fms      , Gs^Fmf      , Gs^Fmf      , Gs^Fmf      , Gs^Fmf      , Gs^Fmf      , Gs^Fmf      
Mm          , Mm          , Hh          , Hh          , Gs^Fmf      , Ww          , Ww          , Gs^Fmf      , Gs^Xo       , Gs^Fp       , Gs^Fms      , Xos         , Xos         , Ur^Ii       , Ur^Xo       , Ur^Ii       , Xos         , Xos         , Gg          , Gg          , Gs^Fms      , Gs^Fmf      , Gs^Fmf      , Gs^Fms      , Gs^Fmf      , Gs^Fmf      , Gs^Fmf      
Hh          , Hh          , Gs^Fmf      , Gs^Fmf      , Gs^Fmf      , Gg          , Gg          , Ww          , Gg^Xo       , Gg          , Gg          , Gs^Fms      , Gg          , Xos         , Rd          , Xos         , Gg          , Gg          , Gg          , Gg          , Gs^Fms      , Gs^Fms      , Gs^Fmf      , Gs^Fms      , Gs^Fmf      , Gs^Fms      , Gs^Fmf      
Gs^Fmf      , Gs^Fmf      , Gs^Fmf      , Gs^Fmf      , Gs^Fmf      , Gg          , Ww          , Ww          , Gg^Xo       , Gg          , Gg          , Gs^Fms      , Gg          , Gg          , Rd          , Gg          , Gg          , Gg          , Gg          , Gg          , Gg          , Gs^Fms      , Gs^Fms      , Gs^Fms      , Gs^Fms      , Gs^Fmf      , Gs^Fmf      
Gs^Fmf      , Gs^Fmf      , Gs^Fmf      , Gs^Fmf      , Gg          , Gg          , Ww          , Gg^Xo       , Gg          , Gg          , Gg          , Gg          , Gg          , Gg          , Rd          , Gg          , Gg          , Gg          , Gg          , Gg          , Gg          , Gs^Fms      , Gs^Fms      , Gs^Fms      , Gs^Fms      , Gs^Fms      , Gs^Fmf      
Gs^Fmf      , Gs^Fmf      , Gs^Fmf      , Gg          , Ww          , Ww          , Gg^Xo       , Gg^Xo       , Gg          , Gg          , Gg          , Gg          , Gg          , Gg          , Re          , Re          , Gg          , Gg          , Gg          , Gg          , Gg          , Gg          , Gs^Fms      , Gs^Fms      , Gs^Fms      , Gs^Fms      , Gs^Fms      
Gg          , Gg          , Gs^Fmf      , Gg          , Ww          , Ww          , Gg          , Gg^Xo       , Gg^Xo       , Gg          , Gg          , Ggf         , Re          , Gg          , Gg          , Re          , Re          , Gg          , Gg          , Gg          , Gg          , Gg          , Gg          , Gs^Fms      , Gg          , Gs^Fms      , Gs^Fms      
Gg          , Gg          , Gs^Fmf      , Gg          , Ww          , Gg          , Gg          , Gg          , Gg          , Gg^Xo       , Gg^Xo       , Re          , Re          , Re          , Gg          , Gg          , Re          , Gg          , Gg          , Gg          , Gg          , Gg          , Gg          , Gg          , Gg          , Gg          , Gg          
Gg          , Gg          , Gs^Fmf      , Gg          , Ww          , Gg          , Ww          , Gg          , Gg^Fet      , Gg          , Gg          , Gg^Xo       , Rd^Xo       , Gg          , Gg          , Gg          , Gg          , Gg          , Gg          , Gg          , Gg          , Gg          , Gg          , Gg          , Gg          , Gs^Fp       , Gs^Fmf      
Gg          , Gg          , Gg          , Gg          , Ww          , Ww          , Gg          , Ww          , Gg          , Gg^Ve       , Rd          , Rd          , Gg          , Gg^Xo       , Gg^Xo       , Gg          , Gg          , Gg          , Gg          , Gg          , Gg          , Gg          , Gg          , Gg          , Gg          , Gs^Fp       , Gs^Xo       
Gg          , Gg^Wm       , Gg          , Gg          , Ww          , Ww          , Gs^Fmf      , Ww          , Ww^Bw/      , Rd          , Gg^Fet      , Gg^Fet      , Gg          , Gg          , Gg          , Gg^Xo       , Gg^Xo       , Gg          , Gg          , Gg          , Gg          , Gg          , Gg          , Gg          , Gg^Xo       , Gs^Xo       , Gs^Fp       
Gg          , Gg          , Gg          , Ww          , Gg          , Gg          , Rp          , Rp          , Ww          , Gg          , Gg          , Gg^Wm       , Re^Gvs      , Re^Gvs      , Re^Gvs      , Re^Gvs      , Gg          , Gg^Xo       , Gg^Xo       , Gg          , Gg          , Gg          , Gg^Xo       , Gg^Xo       , Gs^Fp       , Gs^Fmf      , Gs^Fp       
Gg          , Gg          , Ww          , Ww          , Gg          , Rp          , Gg          , Gs^Fmf      , Ww          , Ww          , Gg          , Re^Gvs      , Re^Gvs      , Re^Gvs      , Re^Gvs      , Re^Gvs      , Gg          , Gg          , Gg          , Gg^Xo       , Gg^Xo       , Gg^Xo       , Gs^Fp       , Gs^Fmf      , Gs^Fmf      , Gs^Fmf      , Gs^Fp       
Gg          , Ww          , Gg          , Gg          , Gg          , Rp          , Gg          , Gg          , Gg          , Ww          , Ww          , Gg          , Gg          , Re^Gvs      , Re^Gvs      , Re^Gvs      , Gg          , Gg          , Gs^Fp       , Gg          , Gs^Fmf      , Gs^Fmf      , Gs^Fmf      , Gs^Fmf      , Gs^Fmf      , Gs^Fmf      , Gs^Fmf      
Ww          , Ww          , Gg          , Gg          , Gg          , 1 Rp        , Gg          , Gg          , Gg          , Ww          , Ww          , Gg          , Gg          , Gg          , Gg          , Gg          , Gs^Fp       , Gs^Fp       , Gs^Fmf      , Gs^Fmf      , Gs^Fmf      , Gs^Fmf      , Gs^Fp       , Gs^Fmf      , Gs^Fp       , Gs^Fp       , Gs^Fp       
Ww          , Ww          , Gg          , Gg          , Gg          , Rp          , Gg          , Gg          , Gg          , Ww          , Ww          , Ww          , Gg          , Gg          , Gg          , Gs^Fp       , Gs^Fp       , Gs^Fmf      , Gs^Fp       , Gs^Fmf      , Gs^Fp       , Gs^Fp       , Gs^Fp       , Gs^Fp       , Gg          , Gs^Fmf      , Gg          
